2026-02-08 10:45:49,366 | INFO | kurzgesagt.scene_parser | Parsing script (chars=3932, shots=nested)
2026-02-08 10:46:12,131 | INFO | kurzgesagt.providers.openai | OpenAI response received (chars=5652)
2026-02-08 10:46:12,131 | INFO | kurzgesagt.scene_parser | Parsed scenes=8 shots=16
2026-02-08 10:51:02,337 | INFO | kurzgesagt.scene_parser | Parsing script (chars=3932, shots=nested)
2026-02-08 10:51:30,443 | INFO | kurzgesagt.providers.openai | OpenAI response received (chars=5652)
2026-02-08 10:51:30,444 | INFO | kurzgesagt.scene_parser | Parsed scenes=6 shots=20
2026-02-08 10:55:26,692 | INFO | kurzgesagt.scene_parser | Parsing script (chars=3932, shots=nested)
2026-02-08 10:55:32,828 | INFO | kurzgesagt.providers.openai | OpenAI response received (chars=5652)
2026-02-08 10:55:32,829 | INFO | kurzgesagt.scene_parser | Parsed scenes=1 shots=3
2026-02-08 11:09:40,727 | INFO | kurzgesagt.scene_parser | Parsing script (chars=3932, shots=nested)
2026-02-08 11:09:58,723 | INFO | kurzgesagt.providers.openai | OpenAI response received (chars=5652)
2026-02-08 11:09:58,723 | INFO | kurzgesagt.scene_parser | Parsed scenes=6 shots=12
2026-02-08 11:13:44,422 | INFO | kurzgesagt.image_generator | Generating image model=gemini-3-pro-image-preview aspect=3:2 size=1K
2026-02-08 11:16:32,177 | INFO | kurzgesagt.image_generator | Generating image model=gemini-3-pro-image-preview aspect=3:2 size=1K
2026-02-08 11:22:49,894 | INFO | kurzgesagt.image_generator | Generating image model=gemini-3-pro-image-preview aspect=3:2 size=1K
2026-02-08 11:23:36,957 | INFO | kurzgesagt.image_generator | Generating image model=gemini-3-pro-image-preview aspect=3:2 size=1K
2026-02-08 11:25:46,215 | INFO | kurzgesagt.image_generator | Generating image model=gemini-3-pro-image-preview aspect=3:2 size=1K
2026-02-08 11:27:44,962 | INFO | kurzgesagt.image_generator | Generating image model=gemini-3-pro-image-preview aspect=3:2 size=1K
2026-02-08 12:05:14,066 | INFO | kurzgesagt.scene_parser | Parsing script (chars=3932, shots=nested)
2026-02-08 12:05:30,983 | INFO | kurzgesagt.providers.openai | OpenAI response received (chars=5651)
2026-02-08 12:05:30,984 | INFO | kurzgesagt.scene_parser | Parsed scenes=4 shots=11
2026-02-08 12:08:26,725 | INFO | kurzgesagt.image_generator | Generating image model=gemini-3-pro-image-preview aspect=3:2 size=1K
2026-02-08 12:25:59,353 | INFO | kurzgesagt.scene_parser | Parsing script (chars=3932, shots=nested)
2026-02-08 12:26:09,212 | INFO | kurzgesagt.providers.openai | OpenAI response received (chars=5641)
2026-02-08 12:26:09,212 | INFO | kurzgesagt.scene_parser | Parsed scenes=2 shots=6
2026-02-08 12:26:43,812 | INFO | kurzgesagt.image_generator | Generating image model=gemini-3-pro-image-preview aspect=3:2 size=1K
2026-02-08 12:32:39,080 | INFO | kurzgesagt.scene_parser | Parsing script (chars=3932, shots=nested)
2026-02-08 12:33:02,844 | INFO | kurzgesagt.providers.openai | OpenAI response received (chars=5641)
2026-02-08 12:33:02,844 | INFO | kurzgesagt.scene_parser | Parsed scenes=9 shots=17
2026-02-08 12:33:39,030 | INFO | kurzgesagt.image_generator | Generating image model=gemini-3-pro-image-preview aspect=3:2 size=1K
2026-02-08 12:41:00,181 | INFO | kurzgesagt.scene_parser | Parsing script (chars=3932, shots=nested)
2026-02-08 12:41:20,722 | INFO | kurzgesagt.providers.openai | OpenAI response received (chars=5649)
2026-02-08 12:41:20,722 | INFO | kurzgesagt.scene_parser | Parsed scenes=6 shots=12
2026-02-08 12:42:11,838 | INFO | kurzgesagt.image_generator | Generating image model=gemini-3-pro-image-preview aspect=3:2 size=1K
2026-02-08 12:46:33,812 | INFO | kurzgesagt.scene_parser | Parsing script (chars=3932, shots=nested)
2026-02-08 12:47:07,535 | INFO | kurzgesagt.providers.openai | OpenAI response received (chars=5645)
2026-02-08 12:47:07,537 | ERROR | kurzgesagt.scene_parser | Failed to parse provider response
Traceback (most recent call last):
  File "/home/vtxgaming/dev/kurzgesagt-script-generator/src/kurzgesagt/core/scene_parser.py", line 197, in _extract_json
    return cast(Dict[str, Any], json.loads(text))
                                ~~~~~~~~~~^^^^^^
  File "/home/vtxgaming/.local/share/uv/python/cpython-3.13.7-linux-x86_64-gnu/lib/python3.13/json/__init__.py", line 346, in loads
    return _default_decoder.decode(s)
           ~~~~~~~~~~~~~~~~~~~~~~~^^^
  File "/home/vtxgaming/.local/share/uv/python/cpython-3.13.7-linux-x86_64-gnu/lib/python3.13/json/decoder.py", line 345, in decode
    obj, end = self.raw_decode(s, idx=_w(s, 0).end())
               ~~~~~~~~~~~~~~~^^^^^^^^^^^^^^^^^^^^^^^
  File "/home/vtxgaming/.local/share/uv/python/cpython-3.13.7-linux-x86_64-gnu/lib/python3.13/json/decoder.py", line 361, in raw_decode
    obj, end = self.scan_once(s, idx)
               ~~~~~~~~~~~~~~^^^^^^^^
json.decoder.JSONDecodeError: Unterminated string starting at: line 297 column 27 (char 18976)

During handling of the above exception, another exception occurred:

Traceback (most recent call last):
  File "/home/vtxgaming/dev/kurzgesagt-script-generator/src/kurzgesagt/core/scene_parser.py", line 81, in parse_script
    scenes_data = self._extract_json(response_text)
  File "/home/vtxgaming/dev/kurzgesagt-script-generator/src/kurzgesagt/core/scene_parser.py", line 200, in _extract_json
    return cast(Dict[str, Any], json.loads(cleaned))
                                ~~~~~~~~~~^^^^^^^^^
  File "/home/vtxgaming/.local/share/uv/python/cpython-3.13.7-linux-x86_64-gnu/lib/python3.13/json/__init__.py", line 346, in loads
    return _default_decoder.decode(s)
           ~~~~~~~~~~~~~~~~~~~~~~~^^^
  File "/home/vtxgaming/.local/share/uv/python/cpython-3.13.7-linux-x86_64-gnu/lib/python3.13/json/decoder.py", line 345, in decode
    obj, end = self.raw_decode(s, idx=_w(s, 0).end())
               ~~~~~~~~~~~~~~~^^^^^^^^^^^^^^^^^^^^^^^
  File "/home/vtxgaming/.local/share/uv/python/cpython-3.13.7-linux-x86_64-gnu/lib/python3.13/json/decoder.py", line 361, in raw_decode
    obj, end = self.scan_once(s, idx)
               ~~~~~~~~~~~~~~^^^^^^^^
json.decoder.JSONDecodeError: Unterminated string starting at: line 297 column 27 (char 18976)
2026-02-08 12:48:59,444 | INFO | kurzgesagt.scene_parser | Parsing script (chars=3932, shots=nested)
2026-02-08 12:49:18,521 | INFO | kurzgesagt.providers.openai | OpenAI response received (chars=5645)
2026-02-08 12:49:18,521 | INFO | kurzgesagt.scene_parser | Parsed scenes=6 shots=11
2026-02-08 12:49:48,789 | INFO | kurzgesagt.image_generator | Generating image model=gemini-3-pro-image-preview aspect=3:2 size=1K
2026-02-08 12:58:51,303 | INFO | kurzgesagt.scene_parser | Parsing script (chars=3932, shots=nested)
2026-02-08 12:59:13,502 | INFO | kurzgesagt.providers.openai | OpenAI response received (chars=6159)
2026-02-08 12:59:13,502 | INFO | kurzgesagt.scene_parser | Parsed scenes=2 shots=15
2026-02-08 13:08:07,109 | INFO | kurzgesagt.image_generator | Generating image model=gemini-3-pro-image-preview aspect=3:2 size=1K
2026-02-08 13:56:28,493 | INFO | kurzgesagt.scene_parser | Parsing script (chars=3932, shots=nested)
2026-02-08 13:56:40,654 | INFO | kurzgesagt.providers.openai | OpenAI response received (chars=6268)
2026-02-08 13:56:40,654 | INFO | kurzgesagt.scene_parser | Parsed scenes=2 shots=6
2026-02-08 13:58:58,153 | INFO | kurzgesagt.image_generator | Generating image model=gemini-3-pro-image-preview aspect=3:2 size=1K
2026-02-08 14:00:51,272 | INFO | kurzgesagt.image_generator | Generating image model=gemini-3-pro-image-preview aspect=3:2 size=1K
2026-02-08 14:01:35,648 | INFO | kurzgesagt.image_generator | Generating image model=gemini-3-pro-image-preview aspect=3:2 size=1K
2026-02-08 14:14:52,989 | INFO | kurzgesagt.scene_parser | Parsing script (chars=3932, shots=nested)
2026-02-08 14:15:15,405 | INFO | kurzgesagt.providers.openai | OpenAI response received (chars=6261)
2026-02-08 14:15:15,405 | INFO | kurzgesagt.scene_parser | Parsed scenes=6 shots=12
2026-02-08 14:15:34,844 | INFO | kurzgesagt.image_generator | Generating image model=gemini-3-pro-image-preview aspect=3:2 size=1K
2026-02-08 14:19:29,692 | INFO | kurzgesagt.image_generator | Generating image model=gemini-3-pro-image-preview aspect=3:2 size=1K
2026-02-08 14:22:50,523 | INFO | kurzgesagt.image_generator | Image generation prompt:
A minimalist illustration featuring a bike on a simple porch with clean outlines. In the background, a stylized bank vault with pastel colors and geometric shapes. The composition should include clear negative space. Flat 2D illustration, clean vector shapes, soft gradients, no text or lettering.

Style guide: Flat vector illustration, simple geometric shapes with clean outlines, no gradients, minimalist characters with round heads and simple features, 2D side view, solid backgrounds. Objects isolated on separate visual layers, clear negative space around elements (20% padding), distinct foreground/midground/background separation, centered composition with room for pan (rule of thirds), consistent light source from top-left, elements sized for scale animation, no overlapping objects where possible No text or lettering in the image.
2026-02-08 14:22:50,523 | INFO | kurzgesagt.image_generator | Generating image model=gemini-3-pro-image-preview aspect=3:2 size=1K
2026-02-08 18:25:56,408 | INFO | kurzgesagt.scene_parser | Parsing script (chars=3932, shots=hybrid)
2026-02-08 18:26:32,936 | INFO | kurzgesagt.providers.openai | OpenAI response received (chars=6268)
2026-02-08 18:26:32,936 | INFO | kurzgesagt.scene_parser | Parsed scenes=7 shots=20
2026-02-08 18:29:26,844 | INFO | kurzgesagt.scene_parser | Parsing script (chars=28498, shots=hybrid)
2026-02-08 18:30:03,960 | INFO | kurzgesagt.providers.openai | OpenAI response received (chars=30834)
2026-02-08 18:30:03,960 | INFO | kurzgesagt.scene_parser | Parsed scenes=7 shots=20
2026-02-08 18:30:11,381 | INFO | kurzgesagt.image_generator | Image generation prompt:
Wide shot. A split-screen illustration showing a simplistic bike resting on a porch with a lock and a luxurious bank vault in contrast. The porch scene should be sunny, and the bank vault should be dark and imposing. Flat 2D illustration, clean vector shapes, soft gradients, no text or lettering.

Style guide: Flat vector illustration, simple geometric shapes with clean outlines, no gradients, minimalist characters with round heads and simple features, 2D side view, solid backgrounds. Objects isolated on separate visual layers, clear negative space around elements (20% padding), distinct foreground/midground/background separation, centered composition with room for pan (rule of thirds), consistent light source from top-left, elements sized for scale animation, no overlapping objects where possible No text or lettering in the image.
2026-02-08 18:30:11,381 | INFO | kurzgesagt.image_generator | Generating image model=gemini-3-pro-image-preview aspect=3:2 size=1K
2026-02-08 18:43:39,189 | INFO | kurzgesagt.scene_parser | Parsing script (chars=28498, shots=simple)
2026-02-08 18:44:20,849 | INFO | kurzgesagt.providers.openai | OpenAI response received (chars=30834)
2026-02-08 18:44:20,849 | INFO | kurzgesagt.scene_parser | Parsed scenes=7 shots=20
2026-02-08 18:45:26,500 | INFO | kurzgesagt.scene_parser | Parsing script (chars=3932, shots=hybrid)
2026-02-08 18:45:47,837 | INFO | kurzgesagt.providers.openai | OpenAI response received (chars=6268)
2026-02-08 18:45:47,837 | INFO | kurzgesagt.scene_parser | Parsed scenes=4 shots=12
2026-02-08 18:47:09,015 | INFO | kurzgesagt.scene_parser | Parsing script (chars=3932, shots=simple)
2026-02-08 18:47:48,235 | INFO | kurzgesagt.providers.openai | OpenAI response received (chars=6268)
2026-02-08 18:47:48,237 | ERROR | kurzgesagt.scene_parser | Failed to parse provider response
Traceback (most recent call last):
  File "/home/vtxgaming/dev/kurzgesagt-script-generator/src/kurzgesagt/core/scene_parser.py", line 202, in _extract_json
    return cast(Dict[str, Any], json.loads(text))
                                ~~~~~~~~~~^^^^^^
  File "/home/vtxgaming/.local/share/uv/python/cpython-3.13.7-linux-x86_64-gnu/lib/python3.13/json/__init__.py", line 346, in loads
    return _default_decoder.decode(s)
           ~~~~~~~~~~~~~~~~~~~~~~~^^^
  File "/home/vtxgaming/.local/share/uv/python/cpython-3.13.7-linux-x86_64-gnu/lib/python3.13/json/decoder.py", line 345, in decode
    obj, end = self.raw_decode(s, idx=_w(s, 0).end())
               ~~~~~~~~~~~~~~~^^^^^^^^^^^^^^^^^^^^^^^
  File "/home/vtxgaming/.local/share/uv/python/cpython-3.13.7-linux-x86_64-gnu/lib/python3.13/json/decoder.py", line 361, in raw_decode
    obj, end = self.scan_once(s, idx)
               ~~~~~~~~~~~~~~^^^^^^^^
json.decoder.JSONDecodeError: Unterminated string starting at: line 268 column 24 (char 19460)

During handling of the above exception, another exception occurred:

Traceback (most recent call last):
  File "/home/vtxgaming/dev/kurzgesagt-script-generator/src/kurzgesagt/core/scene_parser.py", line 82, in parse_script
    scenes_data = self._extract_json(response_text)
  File "/home/vtxgaming/dev/kurzgesagt-script-generator/src/kurzgesagt/core/scene_parser.py", line 206, in _extract_json
    return cast(Dict[str, Any], json.loads(cleaned))
                                ~~~~~~~~~~^^^^^^^^^
  File "/home/vtxgaming/.local/share/uv/python/cpython-3.13.7-linux-x86_64-gnu/lib/python3.13/json/__init__.py", line 346, in loads
    return _default_decoder.decode(s)
           ~~~~~~~~~~~~~~~~~~~~~~~^^^
  File "/home/vtxgaming/.local/share/uv/python/cpython-3.13.7-linux-x86_64-gnu/lib/python3.13/json/decoder.py", line 345, in decode
    obj, end = self.raw_decode(s, idx=_w(s, 0).end())
               ~~~~~~~~~~~~~~~^^^^^^^^^^^^^^^^^^^^^^^
  File "/home/vtxgaming/.local/share/uv/python/cpython-3.13.7-linux-x86_64-gnu/lib/python3.13/json/decoder.py", line 361, in raw_decode
    obj, end = self.scan_once(s, idx)
               ~~~~~~~~~~~~~~^^^^^^^^
json.decoder.JSONDecodeError: Unterminated string starting at: line 268 column 24 (char 19460)
2026-02-08 18:54:45,821 | INFO | kurzgesagt.scene_parser | Parsing script (chars=3932, shots=simple)
2026-02-08 18:55:24,189 | INFO | kurzgesagt.providers.openai | OpenAI response received (chars=6268)
2026-02-08 18:55:24,193 | ERROR | kurzgesagt.scene_parser | Failed to parse provider response
Traceback (most recent call last):
  File "/home/vtxgaming/dev/kurzgesagt-script-generator/src/kurzgesagt/core/scene_parser.py", line 202, in _extract_json
    return cast(Dict[str, Any], json.loads(text))
                                ~~~~~~~~~~^^^^^^
  File "/home/vtxgaming/.local/share/uv/python/cpython-3.13.7-linux-x86_64-gnu/lib/python3.13/json/__init__.py", line 346, in loads
    return _default_decoder.decode(s)
           ~~~~~~~~~~~~~~~~~~~~~~~^^^
  File "/home/vtxgaming/.local/share/uv/python/cpython-3.13.7-linux-x86_64-gnu/lib/python3.13/json/decoder.py", line 345, in decode
    obj, end = self.raw_decode(s, idx=_w(s, 0).end())
               ~~~~~~~~~~~~~~~^^^^^^^^^^^^^^^^^^^^^^^
  File "/home/vtxgaming/.local/share/uv/python/cpython-3.13.7-linux-x86_64-gnu/lib/python3.13/json/decoder.py", line 361, in raw_decode
    obj, end = self.scan_once(s, idx)
               ~~~~~~~~~~~~~~^^^^^^^^
json.decoder.JSONDecodeError: Unterminated string starting at: line 289 column 27 (char 19251)

During handling of the above exception, another exception occurred:

Traceback (most recent call last):
  File "/home/vtxgaming/dev/kurzgesagt-script-generator/src/kurzgesagt/core/scene_parser.py", line 207, in _extract_json
    return cast(Dict[str, Any], json.loads(cleaned))
                                ~~~~~~~~~~^^^^^^^^^
  File "/home/vtxgaming/.local/share/uv/python/cpython-3.13.7-linux-x86_64-gnu/lib/python3.13/json/__init__.py", line 346, in loads
    return _default_decoder.decode(s)
           ~~~~~~~~~~~~~~~~~~~~~~~^^^
  File "/home/vtxgaming/.local/share/uv/python/cpython-3.13.7-linux-x86_64-gnu/lib/python3.13/json/decoder.py", line 345, in decode
    obj, end = self.raw_decode(s, idx=_w(s, 0).end())
               ~~~~~~~~~~~~~~~^^^^^^^^^^^^^^^^^^^^^^^
  File "/home/vtxgaming/.local/share/uv/python/cpython-3.13.7-linux-x86_64-gnu/lib/python3.13/json/decoder.py", line 361, in raw_decode
    obj, end = self.scan_once(s, idx)
               ~~~~~~~~~~~~~~^^^^^^^^
json.decoder.JSONDecodeError: Unterminated string starting at: line 289 column 27 (char 19251)

During handling of the above exception, another exception occurred:

Traceback (most recent call last):
  File "/home/vtxgaming/dev/kurzgesagt-script-generator/src/kurzgesagt/core/scene_parser.py", line 82, in parse_script
    scenes_data = self._extract_json(response_text)
  File "/home/vtxgaming/dev/kurzgesagt-script-generator/src/kurzgesagt/core/scene_parser.py", line 210, in _extract_json
    return cast(Dict[str, Any], json.loads(repaired))
                                ~~~~~~~~~~^^^^^^^^^^
  File "/home/vtxgaming/.local/share/uv/python/cpython-3.13.7-linux-x86_64-gnu/lib/python3.13/json/__init__.py", line 346, in loads
    return _default_decoder.decode(s)
           ~~~~~~~~~~~~~~~~~~~~~~~^^^
  File "/home/vtxgaming/.local/share/uv/python/cpython-3.13.7-linux-x86_64-gnu/lib/python3.13/json/decoder.py", line 345, in decode
    obj, end = self.raw_decode(s, idx=_w(s, 0).end())
               ~~~~~~~~~~~~~~~^^^^^^^^^^^^^^^^^^^^^^^
  File "/home/vtxgaming/.local/share/uv/python/cpython-3.13.7-linux-x86_64-gnu/lib/python3.13/json/decoder.py", line 361, in raw_decode
    obj, end = self.scan_once(s, idx)
               ~~~~~~~~~~~~~~^^^^^^^^
json.decoder.JSONDecodeError: Expecting ',' delimiter: line 289 column 186 (char 19410)
2026-02-08 18:57:43,641 | INFO | kurzgesagt.scene_parser | Parsing script (chars=3932, shots=simple)
2026-02-08 18:58:08,270 | INFO | kurzgesagt.providers.openai | OpenAI response received (chars=6268)
2026-02-08 18:58:08,271 | INFO | kurzgesagt.scene_parser | Parsed scenes=6 shots=14
2026-02-08 19:03:08,071 | INFO | kurzgesagt.scene_parser | Parsing script (chars=22168, shots=simple)
2026-02-08 19:03:34,927 | INFO | kurzgesagt.providers.openai | OpenAI response received (chars=24504)
2026-02-08 19:03:34,927 | INFO | kurzgesagt.scene_parser | Parsed scenes=6 shots=14
2026-02-08 19:03:37,952 | INFO | kurzgesagt.image_generator | Image generation prompt:
Wide shot. A minimalist flat illustration showing a bike on a porch in the foreground and a distant bank vault in the background. Use pastel colors with clean outlines and clear negative space around elements. Flat 2D illustration, clean vector shapes, soft gradients, no text or lettering.

Style guide: Flat vector illustration, simple geometric shapes with clean outlines, no gradients, minimalist characters with round heads and simple features, 2D side view, solid backgrounds. Objects isolated on separate visual layers, clear negative space around elements (20% padding), distinct foreground/midground/background separation, centered composition with room for pan (rule of thirds), consistent light source from top-left, elements sized for scale animation, no overlapping objects where possible No text or lettering in the image.
2026-02-08 19:03:37,952 | INFO | kurzgesagt.image_generator | Generating image model=gemini-3-pro-image-preview aspect=3:2 size=1K
2026-02-08 22:13:53,584 | INFO | kurzgesagt.scene_parser | Parsing script (chars=3932, shots=simple)
2026-02-08 22:14:18,397 | INFO | kurzgesagt.providers.openai | OpenAI response received (chars=6269)
2026-02-08 22:14:18,397 | INFO | kurzgesagt.scene_parser | Parsed scenes=6 shots=12
2026-02-08 22:15:09,777 | INFO | kurzgesagt.scene_parser | Parsing script (chars=22168, shots=simple)
2026-02-08 22:15:38,925 | INFO | kurzgesagt.providers.openai | OpenAI response received (chars=24505)
2026-02-08 22:15:38,925 | INFO | kurzgesagt.scene_parser | Parsed scenes=6 shots=14
2026-02-08 22:15:45,394 | INFO | kurzgesagt.image_generator | Image generation prompt:
Wide shot. A minimalist flat illustration showing a bike on a porch in the foreground and a distant bank vault in the background. Use pastel colors with clean outlines and clear negative space around elements. Flat 2D illustration, clean vector shapes, soft gradients, no text or lettering.

Style guide: Flat vector illustration, simple geometric shapes with clean outlines, no gradients, minimalist characters with round heads and simple features, 2D side view, solid backgrounds. Objects isolated on separate visual layers, clear negative space around elements (20% padding), distinct foreground/midground/background separation, centered composition with room for pan (rule of thirds), consistent light source from top-left, elements sized for scale animation, no overlapping objects where possible No text or lettering in the image.
2026-02-08 22:15:45,394 | INFO | kurzgesagt.image_generator | Generating image model=gemini-3-pro-image-preview aspect=3:2 size=1K
2026-02-08 22:15:45,394 | INFO | kurzgesagt.image_generator | Using reference image for style transfer (bytes=7170085)
2026-02-08 22:17:26,249 | INFO | kurzgesagt.image_generator | Image generation prompt:
Wide shot. A minimalist flat illustration showing a bike on a porch in the foreground and a distant bank vault in the background. Use pastel colors with clean outlines and clear negative space around elements. Flat 2D illustration, clean vector shapes, soft gradients, no text or lettering.

Style guide: Flat vector illustration, simple geometric shapes with clean outlines, no gradients, minimalist characters with round heads and simple features, 2D side view, solid backgrounds. Objects isolated on separate visual layers, clear negative space around elements (20% padding), distinct foreground/midground/background separation, centered composition with room for pan (rule of thirds), consistent light source from top-left, elements sized for scale animation, no overlapping objects where possible No text or lettering in the image.
2026-02-08 22:17:26,249 | INFO | kurzgesagt.image_generator | Generating image model=gemini-3-pro-image-preview aspect=3:2 size=1K
2026-02-08 22:17:26,249 | INFO | kurzgesagt.image_generator | Using reference image for style transfer (bytes=7170085)
2026-02-08 22:18:43,549 | INFO | kurzgesagt.scene_parser | Parsing script (chars=3932, shots=simple)
2026-02-08 22:19:05,679 | INFO | kurzgesagt.providers.openai | OpenAI response received (chars=6266)
2026-02-08 22:19:05,679 | INFO | kurzgesagt.scene_parser | Parsed scenes=6 shots=12
2026-02-08 22:20:28,581 | INFO | kurzgesagt.image_generator | Image generation prompt:
A flat 2D illustration depicting a bike resting casually on a porch on the left and a sturdy bank vault closed on the right, emphasizing contrasting security levels. Clean vector shapes, warm colors, minimal outlines. Flat 2D illustration, clean vector shapes, soft gradients, no text or lettering.

Style guide: Flat vector illustration, simple geometric shapes with clean outlines, no gradients, minimalist characters with round heads and simple features, 2D side view, solid backgrounds. Objects isolated on separate visual layers, clear negative space around elements (20% padding), distinct foreground/midground/background separation, centered composition with room for pan (rule of thirds), consistent light source from top-left, elements sized for scale animation, no overlapping objects where possible No text or lettering in the image.
2026-02-08 22:20:28,582 | INFO | kurzgesagt.image_generator | Generating image model=gemini-3-pro-image-preview aspect=3:2 size=1K
2026-02-08 22:20:28,582 | INFO | kurzgesagt.image_generator | Using reference image for style transfer (bytes=7170085)
2026-02-08 22:28:03,587 | INFO | kurzgesagt.scene_parser | Parsing script (chars=22168, shots=simple)
2026-02-08 22:28:29,688 | INFO | kurzgesagt.providers.openai | OpenAI response received (chars=24504)
2026-02-08 22:28:29,688 | INFO | kurzgesagt.scene_parser | Parsed scenes=6 shots=14
2026-02-08 22:28:43,473 | INFO | kurzgesagt.image_generator | Image generation prompt:
Wide shot. A minimalist flat illustration showing a bike on a porch in the foreground and a distant bank vault in the background. Use pastel colors with clean outlines and clear negative space around elements. Flat 2D illustration, clean vector shapes, soft gradients, no text or lettering.

Style guide: Flat vector illustration, simple geometric shapes with clean outlines, no gradients, minimalist characters with round heads and simple features, 2D side view, solid backgrounds. Objects isolated on separate visual layers, clear negative space around elements (20% padding), distinct foreground/midground/background separation, centered composition with room for pan (rule of thirds), consistent light source from top-left, elements sized for scale animation, no overlapping objects where possible No text or lettering in the image.
2026-02-08 22:28:43,473 | INFO | kurzgesagt.image_generator | Generating image model=gemini-3-pro-image-preview aspect=3:2 size=1K
2026-02-08 22:28:43,473 | INFO | kurzgesagt.image_generator | Using reference image for style transfer (bytes=7170085)
2026-02-08 22:31:04,772 | INFO | kurzgesagt.image_generator | Image generation prompt:
Wide shot. A flat, simple illustration of a house viewed from the front with a locked door. Utilize pastel colors, clean outlines, and designated negative space. Flat 2D illustration, clean vector shapes, soft gradients, no text or lettering.

Style guide: Flat vector illustration, simple geometric shapes with clean outlines, no gradients, minimalist characters with round heads and simple features, 2D side view, solid backgrounds. Objects isolated on separate visual layers, clear negative space around elements (20% padding), distinct foreground/midground/background separation, centered composition with room for pan (rule of thirds), consistent light source from top-left, elements sized for scale animation, no overlapping objects where possible No text or lettering in the image.
2026-02-08 22:31:04,772 | INFO | kurzgesagt.image_generator | Generating image model=gemini-3-pro-image-preview aspect=3:2 size=1K
2026-02-08 22:31:04,772 | INFO | kurzgesagt.image_generator | Using reference image for style transfer (bytes=7170085)
2026-02-08 22:35:05,938 | INFO | kurzgesagt.image_generator | Image generation prompt:
Wide shot. A flat illustration of a bank vault, securely closed, with a strong visual presence. Implement a pastel palette and clear outlines. Flat 2D illustration, clean vector shapes, soft gradients, no text or lettering.

Style guide: Flat vector illustration, simple geometric shapes with clean outlines, no gradients, minimalist characters with round heads and simple features, 2D side view, solid backgrounds. Objects isolated on separate visual layers, clear negative space around elements (20% padding), distinct foreground/midground/background separation, centered composition with room for pan (rule of thirds), consistent light source from top-left, elements sized for scale animation, no overlapping objects where possible No text or lettering in the image.
2026-02-08 22:35:05,938 | INFO | kurzgesagt.image_generator | Generating image model=gemini-3-pro-image-preview aspect=3:2 size=1K
2026-02-08 22:35:05,938 | INFO | kurzgesagt.image_generator | Using reference image for style transfer (bytes=7170085)
2026-02-10 09:12:41,758 | INFO | kurzgesagt.scene_parser | Parsing script (chars=3932, shots=nested)
2026-02-10 09:14:11,462 | INFO | kurzgesagt.providers.openai | OpenAI response received (chars=6268)
2026-02-10 09:14:11,462 | INFO | kurzgesagt.scene_parser | Parsed scenes=8 shots=15
2026-02-10 09:15:32,138 | INFO | kurzgesagt.image_generator | Image generation prompt:
A simple jewelry box resting on a clean bedside table symbolizing care and protection. The room background is minimal, emphasizing the security of the box. Flat 2D illustration, clean vector shapes, soft gradients, no text or lettering.

Style guide: Flat vector illustration, simple geometric shapes with clean outlines, no gradients, minimalist characters with round heads and simple features, 2D side view, solid backgrounds. Objects isolated on separate visual layers, clear negative space around elements (20% padding), distinct foreground/midground/background separation, centered composition with room for pan (rule of thirds), consistent light source from top-left, elements sized for scale animation, no overlapping objects where possible No text or lettering in the image.
2026-02-10 09:15:32,138 | INFO | kurzgesagt.image_generator | Generating image model=gemini-3-pro-image-preview aspect=3:2 size=1K
2026-02-10 09:15:32,138 | INFO | kurzgesagt.image_generator | Using reference image for style transfer (bytes=7348299)
2026-02-10 13:06:55,863 | INFO | kurzgesagt.scene_parser | Parsing script (chars=3939, shots=simple)
2026-02-10 13:07:30,120 | INFO | kurzgesagt.providers.openai | OpenAI response received (chars=6275)
2026-02-10 13:07:30,122 | INFO | kurzgesagt.scene_parser | Parsed scenes=6 shots=8
2026-02-10 13:14:14,851 | INFO | kurzgesagt.scene_parser | Parsing script (chars=3940, shots=simple)
2026-02-10 13:14:55,585 | INFO | kurzgesagt.providers.openai | OpenAI response received (chars=6276)
2026-02-10 13:14:55,585 | INFO | kurzgesagt.scene_parser | Parsed scenes=7 shots=13
2026-02-10 13:18:22,006 | INFO | kurzgesagt.scene_parser | Parsing script (chars=3951, shots=simple)
2026-02-10 13:18:59,390 | INFO | kurzgesagt.providers.openai | OpenAI response received (chars=6287)
2026-02-10 13:18:59,391 | INFO | kurzgesagt.scene_parser | Parsed scenes=3 shots=13
2026-02-10 19:08:12,771 | INFO | kurzgesagt.audio_generator | Generating audio: model=tts-1 voice=alloy speed=1.0 text_length=293
2026-02-10 19:08:19,271 | INFO | kurzgesagt.audio_generator | Audio generated successfully: 355200 bytes
2026-02-10 19:08:19,271 | INFO | kurzgesagt.audio_generator | Audio saved to /home/vtxgaming/dev/kurzgesagt-script-generator/projects/Security_tradeoff/audio/scene_01.mp3
2026-02-10 19:08:19,272 | INFO | kurzgesagt.audio_generator | Generating audio: model=tts-1 voice=alloy speed=1.0 text_length=278
2026-02-10 19:08:22,997 | INFO | kurzgesagt.audio_generator | Audio generated successfully: 339840 bytes
2026-02-10 19:08:22,997 | INFO | kurzgesagt.audio_generator | Audio saved to /home/vtxgaming/dev/kurzgesagt-script-generator/projects/Security_tradeoff/audio/scene_02.mp3
2026-02-10 19:08:22,998 | INFO | kurzgesagt.audio_generator | Generating audio: model=tts-1 voice=alloy speed=1.0 text_length=259
2026-02-10 19:08:27,974 | INFO | kurzgesagt.audio_generator | Audio generated successfully: 315360 bytes
2026-02-10 19:08:27,974 | INFO | kurzgesagt.audio_generator | Audio saved to /home/vtxgaming/dev/kurzgesagt-script-generator/projects/Security_tradeoff/audio/scene_03.mp3
2026-02-10 19:08:27,974 | INFO | kurzgesagt.audio_generator | Generating audio: model=tts-1 voice=alloy speed=1.0 text_length=308
2026-02-10 19:08:32,621 | INFO | kurzgesagt.audio_generator | Audio generated successfully: 375360 bytes
2026-02-10 19:08:32,622 | INFO | kurzgesagt.audio_generator | Audio saved to /home/vtxgaming/dev/kurzgesagt-script-generator/projects/Security_tradeoff/audio/scene_04.mp3
2026-02-11 05:44:20,688 | INFO | kurzgesagt.video_generator | VideoGenerator initialized with Gemini API
2026-02-11 05:44:20,690 | INFO | kurzgesagt.video_generator | VideoGenerator initialized with Gemini API
2026-02-11 05:44:20,691 | INFO | kurzgesagt.video_generator | VideoGenerator initialized with Gemini API
2026-02-11 05:44:20,692 | INFO | kurzgesagt.video_generator | VideoGenerator initialized with Gemini API
2026-02-11 05:44:20,694 | INFO | kurzgesagt.video_generator | VideoGenerator initialized with Gemini API
2026-02-11 05:44:20,694 | INFO | kurzgesagt.video_generator | Generating video from /tmp/pytest-of-vtxgaming/pytest-7/test_generate_video_success0/test_image.png
2026-02-11 05:44:20,706 | INFO | kurzgesagt.video_generator | VideoGenerator initialized with Gemini API
2026-02-11 05:44:20,706 | INFO | kurzgesagt.video_generator | Generating video from /tmp/pytest-of-vtxgaming/pytest-7/test_generate_video_with_defau0/test_image.png
2026-02-11 05:44:20,717 | INFO | kurzgesagt.video_generator | VideoGenerator initialized with Gemini API
2026-02-11 05:44:20,717 | INFO | kurzgesagt.video_generator | Generating video from /tmp/pytest-of-vtxgaming/pytest-7/test_generate_video_file_not_f0/nonexistent.png
2026-02-11 05:44:20,718 | INFO | kurzgesagt.video_generator | VideoGenerator initialized with Gemini API
2026-02-11 05:44:20,718 | INFO | kurzgesagt.video_generator | Generating video from /tmp/pytest-of-vtxgaming/pytest-7/test_generate_video_api_error0/test_image.png
2026-02-11 05:44:20,720 | INFO | kurzgesagt.video_generator | VideoGenerator initialized with Gemini API
2026-02-11 05:44:20,721 | INFO | kurzgesagt.video_generator | Generating video from /tmp/pytest-of-vtxgaming/pytest-7/test_generate_video_polling_ti0/test_image.png
2026-02-11 05:44:20,727 | INFO | kurzgesagt.video_generator | VideoGenerator initialized with Gemini API
2026-02-11 05:44:20,728 | INFO | kurzgesagt.video_generator | Generating video from /tmp/pytest-of-vtxgaming/pytest-7/test_generate_video_polling_su0/test_image.png
2026-02-11 05:44:20,739 | INFO | kurzgesagt.video_generator | VideoGenerator initialized with Gemini API
2026-02-11 05:44:20,739 | INFO | kurzgesagt.video_generator | Generating video from /tmp/pytest-of-vtxgaming/pytest-7/test_generate_video_polling_er0/test_image.png
2026-02-11 05:44:20,745 | INFO | kurzgesagt.video_generator | VideoGenerator initialized with Gemini API
2026-02-11 05:44:20,745 | INFO | kurzgesagt.video_generator | Generating video from /tmp/pytest-of-vtxgaming/pytest-7/test_generate_video_no_respons0/test_image.png
2026-02-11 05:44:20,752 | INFO | kurzgesagt.video_generator | VideoGenerator initialized with Gemini API
2026-02-11 05:44:20,752 | INFO | kurzgesagt.video_generator | Generating video from /tmp/pytest-of-vtxgaming/pytest-7/test_generate_video_extract_er0/test_image.png
2026-02-11 05:44:20,758 | INFO | kurzgesagt.video_generator | VideoGenerator initialized with Gemini API
2026-02-11 05:44:20,758 | INFO | kurzgesagt.video_generator | Generating video from /tmp/pytest-of-vtxgaming/pytest-7/test_save_shot_video_success0/test_image.png
2026-02-11 05:44:20,772 | INFO | kurzgesagt.video_generator | VideoGenerator initialized with Gemini API
2026-02-11 05:44:20,772 | INFO | kurzgesagt.video_generator | Generating video from /tmp/pytest-of-vtxgaming/pytest-7/test_save_shot_video_creates_d0/test_image.png
2026-02-11 05:44:20,784 | INFO | kurzgesagt.video_generator | VideoGenerator initialized with Gemini API
2026-02-11 05:44:20,785 | INFO | kurzgesagt.video_generator | Generating video from /tmp/pytest-of-vtxgaming/pytest-7/test_save_shot_video_write_err0/test_image.png
2026-02-11 05:46:01,717 | INFO | kurzgesagt.video_generator | VideoGenerator initialized with Gemini API
2026-02-11 05:46:01,719 | INFO | kurzgesagt.video_generator | VideoGenerator initialized with Gemini API
2026-02-11 05:46:01,720 | INFO | kurzgesagt.video_generator | VideoGenerator initialized with Gemini API
2026-02-11 05:46:01,721 | INFO | kurzgesagt.video_generator | VideoGenerator initialized with Gemini API
2026-02-11 05:46:01,723 | INFO | kurzgesagt.video_generator | VideoGenerator initialized with Gemini API
2026-02-11 05:46:01,723 | INFO | kurzgesagt.video_generator | Generating video from /tmp/pytest-of-vtxgaming/pytest-9/test_generate_video_success0/test_image.png
2026-02-11 05:46:01,772 | INFO | kurzgesagt.video_generator | VideoGenerator initialized with Gemini API
2026-02-11 05:46:01,772 | INFO | kurzgesagt.video_generator | Generating video from /tmp/pytest-of-vtxgaming/pytest-9/test_generate_video_with_defau0/test_image.png
2026-02-11 05:46:01,784 | INFO | kurzgesagt.video_generator | VideoGenerator initialized with Gemini API
2026-02-11 05:46:01,784 | INFO | kurzgesagt.video_generator | Generating video from /tmp/pytest-of-vtxgaming/pytest-9/test_generate_video_file_not_f0/nonexistent.png
2026-02-11 05:46:01,785 | INFO | kurzgesagt.video_generator | VideoGenerator initialized with Gemini API
2026-02-11 05:46:01,786 | INFO | kurzgesagt.video_generator | Generating video from /tmp/pytest-of-vtxgaming/pytest-9/test_generate_video_api_error0/test_image.png
2026-02-11 05:46:01,788 | INFO | kurzgesagt.video_generator | VideoGenerator initialized with Gemini API
2026-02-11 05:46:01,788 | INFO | kurzgesagt.video_generator | Generating video from /tmp/pytest-of-vtxgaming/pytest-9/test_generate_video_polling_ti0/test_image.png
2026-02-11 05:46:01,795 | INFO | kurzgesagt.video_generator | VideoGenerator initialized with Gemini API
2026-02-11 05:46:01,795 | INFO | kurzgesagt.video_generator | Generating video from /tmp/pytest-of-vtxgaming/pytest-9/test_generate_video_polling_su0/test_image.png
2026-02-11 05:46:01,806 | INFO | kurzgesagt.video_generator | VideoGenerator initialized with Gemini API
2026-02-11 05:46:01,806 | INFO | kurzgesagt.video_generator | Generating video from /tmp/pytest-of-vtxgaming/pytest-9/test_generate_video_polling_er0/test_image.png
2026-02-11 05:46:01,813 | INFO | kurzgesagt.video_generator | VideoGenerator initialized with Gemini API
2026-02-11 05:46:01,813 | INFO | kurzgesagt.video_generator | Generating video from /tmp/pytest-of-vtxgaming/pytest-9/test_generate_video_no_respons0/test_image.png
2026-02-11 05:46:01,819 | INFO | kurzgesagt.video_generator | VideoGenerator initialized with Gemini API
2026-02-11 05:46:01,820 | INFO | kurzgesagt.video_generator | Generating video from /tmp/pytest-of-vtxgaming/pytest-9/test_generate_video_extract_er0/test_image.png
2026-02-11 05:46:01,826 | INFO | kurzgesagt.video_generator | VideoGenerator initialized with Gemini API
2026-02-11 05:46:01,826 | INFO | kurzgesagt.video_generator | Generating video from /tmp/pytest-of-vtxgaming/pytest-9/test_save_shot_video_success0/test_image.png
2026-02-11 05:46:01,838 | INFO | kurzgesagt.video_generator | VideoGenerator initialized with Gemini API
2026-02-11 05:46:01,839 | INFO | kurzgesagt.video_generator | Generating video from /tmp/pytest-of-vtxgaming/pytest-9/test_save_shot_video_creates_d0/test_image.png
2026-02-11 05:46:01,851 | INFO | kurzgesagt.video_generator | VideoGenerator initialized with Gemini API
2026-02-11 05:46:01,851 | INFO | kurzgesagt.video_generator | Generating video from /tmp/pytest-of-vtxgaming/pytest-9/test_save_shot_video_write_err0/test_image.png
2026-02-11 05:47:26,586 | INFO | kurzgesagt.video_generator | VideoGenerator initialized with Gemini API
2026-02-11 05:47:26,588 | INFO | kurzgesagt.video_generator | VideoGenerator initialized with Gemini API
2026-02-11 05:47:26,589 | INFO | kurzgesagt.video_generator | VideoGenerator initialized with Gemini API
2026-02-11 05:47:26,590 | INFO | kurzgesagt.video_generator | VideoGenerator initialized with Gemini API
2026-02-11 05:47:26,592 | INFO | kurzgesagt.video_generator | VideoGenerator initialized with Gemini API
2026-02-11 05:47:26,592 | INFO | kurzgesagt.video_generator | Generating video from /tmp/pytest-of-vtxgaming/pytest-10/test_generate_video_file_not_f0/nonexistent.png
2026-02-11 05:47:26,594 | INFO | kurzgesagt.video_generator | VideoGenerator initialized with Gemini API
2026-02-11 05:47:26,594 | INFO | kurzgesagt.video_generator | Generating video from /tmp/pytest-of-vtxgaming/pytest-10/test_generate_video_api_error0/test_image.png
2026-02-11 05:49:10,725 | INFO | kurzgesagt.scene_parser | Parsing script (chars=3939, shots=nested)
2026-02-11 05:49:40,004 | INFO | kurzgesagt.providers.openai | OpenAI response received (chars=6275)
2026-02-11 05:49:40,004 | INFO | kurzgesagt.scene_parser | Parsed scenes=4 shots=8
2026-02-11 06:07:49,039 | INFO | kurzgesagt.video_generator | VideoGenerator initialized with Gemini API
2026-02-11 06:07:49,041 | INFO | kurzgesagt.video_generator | VideoGenerator initialized with Gemini API
2026-02-11 06:07:49,042 | INFO | kurzgesagt.video_generator | VideoGenerator initialized with Gemini API
2026-02-11 06:07:49,043 | INFO | kurzgesagt.video_generator | VideoGenerator initialized with Gemini API
2026-02-11 06:07:49,045 | INFO | kurzgesagt.video_generator | VideoGenerator initialized with Gemini API
2026-02-11 06:07:49,045 | INFO | kurzgesagt.video_generator | Generating video from /tmp/pytest-of-vtxgaming/pytest-11/test_generate_video_file_not_f0/nonexistent.png
2026-02-11 06:07:49,047 | INFO | kurzgesagt.video_generator | VideoGenerator initialized with Gemini API
2026-02-11 06:07:49,047 | INFO | kurzgesagt.video_generator | Generating video from /tmp/pytest-of-vtxgaming/pytest-11/test_generate_video_api_error0/test_image.png
2026-02-11 06:08:45,164 | INFO | kurzgesagt.video_generator | VideoGenerator initialized with Gemini API
2026-02-11 06:08:45,166 | INFO | kurzgesagt.video_generator | VideoGenerator initialized with Gemini API
2026-02-11 06:08:45,167 | INFO | kurzgesagt.video_generator | VideoGenerator initialized with Gemini API
2026-02-11 06:08:45,168 | INFO | kurzgesagt.video_generator | VideoGenerator initialized with Gemini API
2026-02-11 06:08:45,170 | INFO | kurzgesagt.video_generator | VideoGenerator initialized with Gemini API
2026-02-11 06:08:45,170 | INFO | kurzgesagt.video_generator | Generating video from /tmp/pytest-of-vtxgaming/pytest-12/test_generate_video_file_not_f0/nonexistent.png
2026-02-11 06:08:45,172 | INFO | kurzgesagt.video_generator | VideoGenerator initialized with Gemini API
2026-02-11 06:08:45,172 | INFO | kurzgesagt.video_generator | Generating video from /tmp/pytest-of-vtxgaming/pytest-12/test_generate_video_api_error0/test_image.png
2026-02-11 06:10:00,688 | INFO | kurzgesagt.video_generator | VideoGenerator initialized with Gemini API
2026-02-11 06:10:00,690 | INFO | kurzgesagt.video_generator | VideoGenerator initialized with Gemini API
2026-02-11 06:10:00,692 | INFO | kurzgesagt.video_generator | VideoGenerator initialized with Gemini API
2026-02-11 06:10:00,693 | INFO | kurzgesagt.video_generator | VideoGenerator initialized with Gemini API
2026-02-11 06:10:00,695 | INFO | kurzgesagt.video_generator | VideoGenerator initialized with Gemini API
2026-02-11 06:10:00,695 | INFO | kurzgesagt.video_generator | Generating video from /tmp/pytest-of-vtxgaming/pytest-13/test_generate_video_file_not_f0/nonexistent.png
2026-02-11 06:10:00,697 | INFO | kurzgesagt.video_generator | VideoGenerator initialized with Gemini API
2026-02-11 06:10:00,697 | INFO | kurzgesagt.video_generator | Generating video from /tmp/pytest-of-vtxgaming/pytest-13/test_generate_video_api_error0/test_image.png
2026-02-11 06:17:42,586 | INFO | kurzgesagt.video_generator | VideoGenerator initialized with Gemini API
2026-02-11 06:17:42,589 | INFO | kurzgesagt.video_generator | VideoGenerator initialized with Gemini API
2026-02-11 06:17:42,590 | INFO | kurzgesagt.video_generator | VideoGenerator initialized with Gemini API
2026-02-11 06:17:42,591 | INFO | kurzgesagt.video_generator | VideoGenerator initialized with Gemini API
2026-02-11 06:17:42,592 | INFO | kurzgesagt.video_generator | VideoGenerator initialized with Gemini API
2026-02-11 06:17:42,592 | INFO | kurzgesagt.video_generator | Generating video from /tmp/pytest-of-vtxgaming/pytest-15/test_generate_video_file_not_f0/nonexistent.png
2026-02-11 06:17:42,595 | INFO | kurzgesagt.video_generator | VideoGenerator initialized with Gemini API
2026-02-11 06:17:42,595 | INFO | kurzgesagt.video_generator | Generating video from /tmp/pytest-of-vtxgaming/pytest-15/test_generate_video_api_error0/test_image.png
2026-02-11 06:18:57,104 | INFO | kurzgesagt.video_generator | VideoGenerator initialized with Gemini API
2026-02-11 06:18:57,107 | INFO | kurzgesagt.video_generator | VideoGenerator initialized with Gemini API
2026-02-11 06:18:57,108 | INFO | kurzgesagt.video_generator | VideoGenerator initialized with Gemini API
2026-02-11 06:18:57,110 | INFO | kurzgesagt.video_generator | VideoGenerator initialized with Gemini API
2026-02-11 06:18:57,111 | INFO | kurzgesagt.video_generator | VideoGenerator initialized with Gemini API
2026-02-11 06:18:57,112 | INFO | kurzgesagt.video_generator | Generating video from /tmp/pytest-of-vtxgaming/pytest-16/test_generate_video_file_not_f0/nonexistent.png
2026-02-11 06:18:57,113 | INFO | kurzgesagt.video_generator | VideoGenerator initialized with Gemini API
2026-02-11 06:18:57,113 | INFO | kurzgesagt.video_generator | Generating video from /tmp/pytest-of-vtxgaming/pytest-16/test_generate_video_api_error0/test_image.png
2026-02-11 06:20:21,807 | INFO | kurzgesagt.video_generator | VideoGenerator initialized with Gemini API
2026-02-11 06:20:21,809 | INFO | kurzgesagt.video_generator | VideoGenerator initialized with Gemini API
2026-02-11 06:20:21,811 | INFO | kurzgesagt.video_generator | VideoGenerator initialized with Gemini API
2026-02-11 06:20:21,812 | INFO | kurzgesagt.video_generator | VideoGenerator initialized with Gemini API
2026-02-11 06:20:21,813 | INFO | kurzgesagt.video_generator | VideoGenerator initialized with Gemini API
2026-02-11 06:20:21,813 | INFO | kurzgesagt.video_generator | Generating video from /tmp/pytest-of-vtxgaming/pytest-17/test_generate_video_file_not_f0/nonexistent.png
2026-02-11 06:20:21,815 | INFO | kurzgesagt.video_generator | VideoGenerator initialized with Gemini API
2026-02-11 06:20:21,815 | INFO | kurzgesagt.video_generator | Generating video from /tmp/pytest-of-vtxgaming/pytest-17/test_generate_video_api_error0/test_image.png
2026-02-11 06:21:44,378 | INFO | kurzgesagt.video_generator | VideoGenerator initialized with Gemini API
2026-02-11 06:21:44,380 | INFO | kurzgesagt.video_generator | VideoGenerator initialized with Gemini API
2026-02-11 06:21:44,381 | INFO | kurzgesagt.video_generator | VideoGenerator initialized with Gemini API
2026-02-11 06:21:44,382 | INFO | kurzgesagt.video_generator | VideoGenerator initialized with Gemini API
2026-02-11 06:21:44,384 | INFO | kurzgesagt.video_generator | VideoGenerator initialized with Gemini API
2026-02-11 06:21:44,384 | INFO | kurzgesagt.video_generator | Generating video from /tmp/pytest-of-vtxgaming/pytest-18/test_generate_video_file_not_f0/nonexistent.png
2026-02-11 06:21:44,385 | INFO | kurzgesagt.video_generator | VideoGenerator initialized with Gemini API
2026-02-11 06:21:44,386 | INFO | kurzgesagt.video_generator | Generating video from /tmp/pytest-of-vtxgaming/pytest-18/test_generate_video_api_error0/test_image.png
2026-02-11 06:22:01,822 | INFO | kurzgesagt.video_generator | VideoGenerator initialized with Gemini API
2026-02-11 06:22:01,824 | INFO | kurzgesagt.video_generator | VideoGenerator initialized with Gemini API
2026-02-11 06:22:01,825 | INFO | kurzgesagt.video_generator | VideoGenerator initialized with Gemini API
2026-02-11 06:22:01,826 | INFO | kurzgesagt.video_generator | VideoGenerator initialized with Gemini API
2026-02-11 06:22:01,828 | INFO | kurzgesagt.video_generator | VideoGenerator initialized with Gemini API
2026-02-11 06:22:01,828 | INFO | kurzgesagt.video_generator | Generating video from /tmp/pytest-of-vtxgaming/pytest-19/test_generate_video_file_not_f0/nonexistent.png
2026-02-11 06:22:01,830 | INFO | kurzgesagt.video_generator | VideoGenerator initialized with Gemini API
2026-02-11 06:22:01,830 | INFO | kurzgesagt.video_generator | Generating video from /tmp/pytest-of-vtxgaming/pytest-19/test_generate_video_api_error0/test_image.png
2026-02-11 06:30:30,562 | INFO | kurzgesagt.scene_parser | Parsing script (chars=3939, shots=nested)
2026-02-11 06:31:32,023 | INFO | kurzgesagt.providers.openai | OpenAI response received (chars=6275)
2026-02-11 06:31:32,023 | INFO | kurzgesagt.scene_parser | Parsed scenes=6 shots=18
2026-02-11 06:35:11,503 | INFO | kurzgesagt.image_generator | Image generation prompt:
A flat 2D illustration showing a bike locked on a porch and a bank vault in the background. Use pastel colors and minimal outlines, with clean geometric shapes. The composition centers on the bike and vault, with clear space around them. Flat 2D illustration, clean vector shapes, soft gradients, no text or lettering.

Style guide: Flat vector illustration, simple geometric shapes with clean outlines, no gradients, minimalist characters with round heads and simple features, 2D side view, solid backgrounds. Objects isolated on separate visual layers, clear negative space around elements (20% padding), distinct foreground/midground/background separation, centered composition with room for pan (rule of thirds), consistent light source from top-left, elements sized for scale animation, no overlapping objects where possible No text or lettering in the image.
2026-02-11 06:35:11,504 | INFO | kurzgesagt.image_generator | Generating image model=gemini-3-pro-image-preview aspect=3:2 size=1K
2026-02-11 06:35:11,504 | INFO | kurzgesagt.image_generator | Using reference image for style transfer (bytes=7348299)
2026-02-11 06:35:33,584 | INFO | kurzgesagt.image_generator | Image generation prompt:
A flat 2D illustration showing data folders of varying sizes stacked, each protected with locks of different designs and sizes, symbolizing varying levels of sensitivity. Pastel colors should be used for the folders and locks, with clear outlines. Flat 2D illustration, clean vector shapes, soft gradients, no text or lettering.

Style guide: Flat vector illustration, simple geometric shapes with clean outlines, no gradients, minimalist characters with round heads and simple features, 2D side view, solid backgrounds. Objects isolated on separate visual layers, clear negative space around elements (20% padding), distinct foreground/midground/background separation, centered composition with room for pan (rule of thirds), consistent light source from top-left, elements sized for scale animation, no overlapping objects where possible No text or lettering in the image.
2026-02-11 06:35:33,584 | INFO | kurzgesagt.image_generator | Generating image model=gemini-3-pro-image-preview aspect=3:2 size=1K
2026-02-11 06:35:33,584 | INFO | kurzgesagt.image_generator | Using reference image for style transfer (bytes=7348299)
2026-02-11 06:35:51,771 | INFO | kurzgesagt.image_generator | Image generation prompt:
A flat 2D illustration of a balance scale with a bike on one side and a bank vault on the other, highlighting the trade-off. Use pastel colors and minimal outlines with ample negative space for clarity. Flat 2D illustration, clean vector shapes, soft gradients, no text or lettering.

Style guide: Flat vector illustration, simple geometric shapes with clean outlines, no gradients, minimalist characters with round heads and simple features, 2D side view, solid backgrounds. Objects isolated on separate visual layers, clear negative space around elements (20% padding), distinct foreground/midground/background separation, centered composition with room for pan (rule of thirds), consistent light source from top-left, elements sized for scale animation, no overlapping objects where possible No text or lettering in the image.
2026-02-11 06:35:51,771 | INFO | kurzgesagt.image_generator | Generating image model=gemini-3-pro-image-preview aspect=3:2 size=1K
2026-02-11 06:35:51,771 | INFO | kurzgesagt.image_generator | Using reference image for style transfer (bytes=7348299)
2026-02-11 06:36:14,265 | INFO | kurzgesagt.image_generator | Image generation prompt:
A flat 2D illustration of a bike on a simplistic porch, with a visible lock on the bike. Use a pastel color palette and adhere to minimal outlines. Flat 2D illustration, clean vector shapes, soft gradients, no text or lettering.

Style guide: Flat vector illustration, simple geometric shapes with clean outlines, no gradients, minimalist characters with round heads and simple features, 2D side view, solid backgrounds. Objects isolated on separate visual layers, clear negative space around elements (20% padding), distinct foreground/midground/background separation, centered composition with room for pan (rule of thirds), consistent light source from top-left, elements sized for scale animation, no overlapping objects where possible No text or lettering in the image.
2026-02-11 06:36:14,265 | INFO | kurzgesagt.image_generator | Generating image model=gemini-3-pro-image-preview aspect=3:2 size=1K
2026-02-11 06:36:14,266 | INFO | kurzgesagt.image_generator | Using reference image for style transfer (bytes=7348299)
2026-02-11 06:36:40,554 | INFO | kurzgesagt.image_generator | Image generation prompt:
A flat 2D illustration featuring icons of a simple article, a brochure, and a computer screen illustrating a website, all in a cohesive layout. Pastel colors with minimal outlines, clear and separated elements. Flat 2D illustration, clean vector shapes, soft gradients, no text or lettering.

Style guide: Flat vector illustration, simple geometric shapes with clean outlines, no gradients, minimalist characters with round heads and simple features, 2D side view, solid backgrounds. Objects isolated on separate visual layers, clear negative space around elements (20% padding), distinct foreground/midground/background separation, centered composition with room for pan (rule of thirds), consistent light source from top-left, elements sized for scale animation, no overlapping objects where possible No text or lettering in the image.
2026-02-11 06:36:40,555 | INFO | kurzgesagt.image_generator | Generating image model=gemini-3-pro-image-preview aspect=3:2 size=1K
2026-02-11 06:36:40,555 | INFO | kurzgesagt.image_generator | Using reference image for style transfer (bytes=7348299)
2026-02-11 06:36:58,716 | INFO | kurzgesagt.image_generator | Image generation prompt:
A flat 2D illustration showing a transparent box labeled 'Transparency' next to a locked box labeled 'Trade Secrets', with clear visual contrast. Use a pastel color scheme with minimal outlines. Flat 2D illustration, clean vector shapes, soft gradients, no text or lettering.

Style guide: Flat vector illustration, simple geometric shapes with clean outlines, no gradients, minimalist characters with round heads and simple features, 2D side view, solid backgrounds. Objects isolated on separate visual layers, clear negative space around elements (20% padding), distinct foreground/midground/background separation, centered composition with room for pan (rule of thirds), consistent light source from top-left, elements sized for scale animation, no overlapping objects where possible No text or lettering in the image.
2026-02-11 06:36:58,716 | INFO | kurzgesagt.image_generator | Generating image model=gemini-3-pro-image-preview aspect=3:2 size=1K
2026-02-11 06:36:58,716 | INFO | kurzgesagt.image_generator | Using reference image for style transfer (bytes=7348299)
2026-02-11 06:37:18,309 | INFO | kurzgesagt.image_generator | Image generation prompt:
A flat 2D illustration of a cozy house with a prominent locked front door, symbolizing internal data storage. Use pastel colors and minimal outlines. Flat 2D illustration, clean vector shapes, soft gradients, no text or lettering.

Style guide: Flat vector illustration, simple geometric shapes with clean outlines, no gradients, minimalist characters with round heads and simple features, 2D side view, solid backgrounds. Objects isolated on separate visual layers, clear negative space around elements (20% padding), distinct foreground/midground/background separation, centered composition with room for pan (rule of thirds), consistent light source from top-left, elements sized for scale animation, no overlapping objects where possible No text or lettering in the image.
2026-02-11 06:37:18,310 | INFO | kurzgesagt.image_generator | Generating image model=gemini-3-pro-image-preview aspect=3:2 size=1K
2026-02-11 06:37:18,310 | INFO | kurzgesagt.image_generator | Using reference image for style transfer (bytes=7348299)
2026-02-11 06:37:36,544 | INFO | kurzgesagt.image_generator | Image generation prompt:
A flat 2D illustration of two minimalist characters collaborating over documents on a table, representing a collaborative work environment. Use a pastel color palette with clear separation of elements. Flat 2D illustration, clean vector shapes, soft gradients, no text or lettering.

Style guide: Flat vector illustration, simple geometric shapes with clean outlines, no gradients, minimalist characters with round heads and simple features, 2D side view, solid backgrounds. Objects isolated on separate visual layers, clear negative space around elements (20% padding), distinct foreground/midground/background separation, centered composition with room for pan (rule of thirds), consistent light source from top-left, elements sized for scale animation, no overlapping objects where possible No text or lettering in the image.
2026-02-11 06:37:36,545 | INFO | kurzgesagt.image_generator | Generating image model=gemini-3-pro-image-preview aspect=3:2 size=1K
2026-02-11 06:37:36,545 | INFO | kurzgesagt.image_generator | Using reference image for style transfer (bytes=7348299)
2026-02-11 06:37:56,836 | INFO | kurzgesagt.image_generator | Image generation prompt:
A flat 2D illustration contrasting an exaggerated spy movie scene with someone discreetly accessing data online. Use pastel colors and minimal outlines. Flat 2D illustration, clean vector shapes, soft gradients, no text or lettering.

Style guide: Flat vector illustration, simple geometric shapes with clean outlines, no gradients, minimalist characters with round heads and simple features, 2D side view, solid backgrounds. Objects isolated on separate visual layers, clear negative space around elements (20% padding), distinct foreground/midground/background separation, centered composition with room for pan (rule of thirds), consistent light source from top-left, elements sized for scale animation, no overlapping objects where possible No text or lettering in the image.
2026-02-11 06:37:56,836 | INFO | kurzgesagt.image_generator | Generating image model=gemini-3-pro-image-preview aspect=3:2 size=1K
2026-02-11 06:37:56,836 | INFO | kurzgesagt.image_generator | Using reference image for style transfer (bytes=7348299)
2026-02-11 06:38:16,853 | INFO | kurzgesagt.image_generator | Image generation prompt:
A flat 2D illustration depicting a jewelry box on a bedside table in a bedroom setting. Use pastel colors and a minimalist style with clear outlines. Flat 2D illustration, clean vector shapes, soft gradients, no text or lettering.

Style guide: Flat vector illustration, simple geometric shapes with clean outlines, no gradients, minimalist characters with round heads and simple features, 2D side view, solid backgrounds. Objects isolated on separate visual layers, clear negative space around elements (20% padding), distinct foreground/midground/background separation, centered composition with room for pan (rule of thirds), consistent light source from top-left, elements sized for scale animation, no overlapping objects where possible No text or lettering in the image.
2026-02-11 06:38:16,853 | INFO | kurzgesagt.image_generator | Generating image model=gemini-3-pro-image-preview aspect=3:2 size=1K
2026-02-11 06:38:16,853 | INFO | kurzgesagt.image_generator | Using reference image for style transfer (bytes=7348299)
2026-02-11 06:38:35,583 | INFO | kurzgesagt.image_generator | Image generation prompt:
A flat 2D illustration showing multiple locks around the jewelry box and a graphic of control signs (like access rules) surrounding it. Incorporate pastel colors with minimal outlines. Flat 2D illustration, clean vector shapes, soft gradients, no text or lettering.

Style guide: Flat vector illustration, simple geometric shapes with clean outlines, no gradients, minimalist characters with round heads and simple features, 2D side view, solid backgrounds. Objects isolated on separate visual layers, clear negative space around elements (20% padding), distinct foreground/midground/background separation, centered composition with room for pan (rule of thirds), consistent light source from top-left, elements sized for scale animation, no overlapping objects where possible No text or lettering in the image.
2026-02-11 06:38:35,583 | INFO | kurzgesagt.image_generator | Generating image model=gemini-3-pro-image-preview aspect=3:2 size=1K
2026-02-11 06:38:35,583 | INFO | kurzgesagt.image_generator | Using reference image for style transfer (bytes=7348299)
2026-02-11 06:38:56,442 | INFO | kurzgesagt.image_generator | Image generation prompt:
A flat 2D illustration showing surveillance cameras and motion sensors placed around a room, highlighting areas of high importance like the bedroom and office. Use a pastel color strategy with minimal outlines. Flat 2D illustration, clean vector shapes, soft gradients, no text or lettering.

Style guide: Flat vector illustration, simple geometric shapes with clean outlines, no gradients, minimalist characters with round heads and simple features, 2D side view, solid backgrounds. Objects isolated on separate visual layers, clear negative space around elements (20% padding), distinct foreground/midground/background separation, centered composition with room for pan (rule of thirds), consistent light source from top-left, elements sized for scale animation, no overlapping objects where possible No text or lettering in the image.
2026-02-11 06:38:56,442 | INFO | kurzgesagt.image_generator | Generating image model=gemini-3-pro-image-preview aspect=3:2 size=1K
2026-02-11 06:38:56,442 | INFO | kurzgesagt.image_generator | Using reference image for style transfer (bytes=7348299)
2026-02-11 06:39:15,071 | INFO | kurzgesagt.image_generator | Image generation prompt:
A flat 2D illustration of a large, imposing bank vault with intricate security features around it, symbolizing the strictest confidentiality. Utilize pastel colors and maintain a minimalist outline style. Flat 2D illustration, clean vector shapes, soft gradients, no text or lettering.

Style guide: Flat vector illustration, simple geometric shapes with clean outlines, no gradients, minimalist characters with round heads and simple features, 2D side view, solid backgrounds. Objects isolated on separate visual layers, clear negative space around elements (20% padding), distinct foreground/midground/background separation, centered composition with room for pan (rule of thirds), consistent light source from top-left, elements sized for scale animation, no overlapping objects where possible No text or lettering in the image.
2026-02-11 06:39:15,071 | INFO | kurzgesagt.image_generator | Generating image model=gemini-3-pro-image-preview aspect=3:2 size=1K
2026-02-11 06:39:15,071 | INFO | kurzgesagt.image_generator | Using reference image for style transfer (bytes=7348299)
2026-02-11 06:39:33,927 | INFO | kurzgesagt.image_generator | Image generation prompt:
A flat 2D illustration showing warning symbols (like exclamation marks) and shattered glass representing damaged reputation around the vault. Apply a pastel color scheme with minimal outlines. Flat 2D illustration, clean vector shapes, soft gradients, no text or lettering.

Style guide: Flat vector illustration, simple geometric shapes with clean outlines, no gradients, minimalist characters with round heads and simple features, 2D side view, solid backgrounds. Objects isolated on separate visual layers, clear negative space around elements (20% padding), distinct foreground/midground/background separation, centered composition with room for pan (rule of thirds), consistent light source from top-left, elements sized for scale animation, no overlapping objects where possible No text or lettering in the image.
2026-02-11 06:39:33,927 | INFO | kurzgesagt.image_generator | Generating image model=gemini-3-pro-image-preview aspect=3:2 size=1K
2026-02-11 06:39:33,927 | INFO | kurzgesagt.image_generator | Using reference image for style transfer (bytes=7348299)
2026-02-11 06:39:54,360 | INFO | kurzgesagt.image_generator | Image generation prompt:
A flat 2D illustration displaying icons representing patient information, an encryption key, production instructions, and a gene sequence. Ensure a cohesive layout with pastel colors and minimal outlines. Flat 2D illustration, clean vector shapes, soft gradients, no text or lettering.

Style guide: Flat vector illustration, simple geometric shapes with clean outlines, no gradients, minimalist characters with round heads and simple features, 2D side view, solid backgrounds. Objects isolated on separate visual layers, clear negative space around elements (20% padding), distinct foreground/midground/background separation, centered composition with room for pan (rule of thirds), consistent light source from top-left, elements sized for scale animation, no overlapping objects where possible No text or lettering in the image.
2026-02-11 06:39:54,361 | INFO | kurzgesagt.image_generator | Generating image model=gemini-3-pro-image-preview aspect=3:2 size=1K
2026-02-11 06:39:54,361 | INFO | kurzgesagt.image_generator | Using reference image for style transfer (bytes=7348299)
2026-02-11 06:40:15,275 | INFO | kurzgesagt.image_generator | Image generation prompt:
A flat 2D illustration of a balanced scale with various data icons on both sides, symbolizing the trade-off aspect of classification. Utilize pastel colors with minimal outlines. Flat 2D illustration, clean vector shapes, soft gradients, no text or lettering.

Style guide: Flat vector illustration, simple geometric shapes with clean outlines, no gradients, minimalist characters with round heads and simple features, 2D side view, solid backgrounds. Objects isolated on separate visual layers, clear negative space around elements (20% padding), distinct foreground/midground/background separation, centered composition with room for pan (rule of thirds), consistent light source from top-left, elements sized for scale animation, no overlapping objects where possible No text or lettering in the image.
2026-02-11 06:40:15,275 | INFO | kurzgesagt.image_generator | Generating image model=gemini-3-pro-image-preview aspect=3:2 size=1K
2026-02-11 06:40:15,275 | INFO | kurzgesagt.image_generator | Using reference image for style transfer (bytes=7348299)
2026-02-11 06:40:37,040 | INFO | kurzgesagt.image_generator | Image generation prompt:
A flat 2D illustration contrasting risk icons (such as an exposed file) on one side with a blocked productivity symbol (like a 'Do Not Enter' sign) on the other. Keep the colors pastel with minimal outlines. Flat 2D illustration, clean vector shapes, soft gradients, no text or lettering.

Style guide: Flat vector illustration, simple geometric shapes with clean outlines, no gradients, minimalist characters with round heads and simple features, 2D side view, solid backgrounds. Objects isolated on separate visual layers, clear negative space around elements (20% padding), distinct foreground/midground/background separation, centered composition with room for pan (rule of thirds), consistent light source from top-left, elements sized for scale animation, no overlapping objects where possible No text or lettering in the image.
2026-02-11 06:40:37,040 | INFO | kurzgesagt.image_generator | Generating image model=gemini-3-pro-image-preview aspect=3:2 size=1K
2026-02-11 06:40:37,040 | INFO | kurzgesagt.image_generator | Using reference image for style transfer (bytes=7348299)
2026-02-11 06:40:54,185 | INFO | kurzgesagt.image_generator | Image generation prompt:
A flat 2D illustration featuring a large light bulb (representing the idea) next to a scale measuring impact, conveying the message of thoughtful classification. Use pastel colors and minimal outlines. Flat 2D illustration, clean vector shapes, soft gradients, no text or lettering.

Style guide: Flat vector illustration, simple geometric shapes with clean outlines, no gradients, minimalist characters with round heads and simple features, 2D side view, solid backgrounds. Objects isolated on separate visual layers, clear negative space around elements (20% padding), distinct foreground/midground/background separation, centered composition with room for pan (rule of thirds), consistent light source from top-left, elements sized for scale animation, no overlapping objects where possible No text or lettering in the image.
2026-02-11 06:40:54,185 | INFO | kurzgesagt.image_generator | Generating image model=gemini-3-pro-image-preview aspect=3:2 size=1K
2026-02-11 06:40:54,185 | INFO | kurzgesagt.image_generator | Using reference image for style transfer (bytes=7348299)
2026-02-11 07:08:41,684 | INFO | kurzgesagt.audio_generator | Generating audio: model=tts-1 voice=alloy speed=1.0 text_length=491
2026-02-11 07:08:46,820 | INFO | kurzgesagt.audio_generator | Audio generated successfully: 600000 bytes
2026-02-11 07:08:47,070 | INFO | kurzgesagt.audio_generator | Generating audio: model=tts-1 voice=alloy speed=1.0 text_length=412
2026-02-11 07:08:53,707 | INFO | kurzgesagt.audio_generator | Audio generated successfully: 502560 bytes
2026-02-11 07:08:53,919 | INFO | kurzgesagt.audio_generator | Generating audio: model=tts-1 voice=alloy speed=1.0 text_length=351
2026-02-11 07:09:00,466 | INFO | kurzgesagt.audio_generator | Audio generated successfully: 417120 bytes
2026-02-11 07:09:00,675 | INFO | kurzgesagt.audio_generator | Generating audio: model=tts-1 voice=alloy speed=1.0 text_length=419
2026-02-11 07:09:07,789 | INFO | kurzgesagt.audio_generator | Audio generated successfully: 511680 bytes
2026-02-11 07:09:08,004 | INFO | kurzgesagt.audio_generator | Generating audio: model=tts-1 voice=alloy speed=1.0 text_length=297
2026-02-11 07:09:13,354 | INFO | kurzgesagt.audio_generator | Audio generated successfully: 357600 bytes
2026-02-11 07:09:13,565 | INFO | kurzgesagt.audio_generator | Generating audio: model=tts-1 voice=alloy speed=1.0 text_length=280
2026-02-11 07:09:17,168 | INFO | kurzgesagt.audio_generator | Audio generated successfully: 337920 bytes
2026-02-11 10:36:52,710 | INFO | kurzgesagt.audio_generator | Generating audio: model=tts-1 voice=alloy speed=1.0 text_length=491
2026-02-11 10:37:01,018 | INFO | kurzgesagt.audio_generator | Audio generated successfully: 592320 bytes
2026-02-11 10:37:01,231 | INFO | kurzgesagt.audio_generator | Generating audio: model=tts-1 voice=alloy speed=1.0 text_length=412
2026-02-11 10:37:05,593 | INFO | kurzgesagt.audio_generator | Audio generated successfully: 503520 bytes
2026-02-11 10:37:05,805 | INFO | kurzgesagt.audio_generator | Generating audio: model=tts-1 voice=alloy speed=1.0 text_length=351
2026-02-11 10:37:10,435 | INFO | kurzgesagt.audio_generator | Audio generated successfully: 426240 bytes
2026-02-11 10:37:10,645 | INFO | kurzgesagt.audio_generator | Generating audio: model=tts-1 voice=alloy speed=1.0 text_length=419
2026-02-11 10:37:17,773 | INFO | kurzgesagt.audio_generator | Audio generated successfully: 511680 bytes
2026-02-11 10:37:17,988 | INFO | kurzgesagt.audio_generator | Generating audio: model=tts-1 voice=alloy speed=1.0 text_length=297
2026-02-11 10:37:23,418 | INFO | kurzgesagt.audio_generator | Audio generated successfully: 362880 bytes
2026-02-11 10:37:23,630 | INFO | kurzgesagt.audio_generator | Generating audio: model=tts-1 voice=alloy speed=1.0 text_length=280
2026-02-11 10:37:27,804 | INFO | kurzgesagt.audio_generator | Audio generated successfully: 341280 bytes
2026-02-11 10:55:38,211 | INFO | kurzgesagt.scene_parser | Parsing script (chars=3939, shots=nested)
2026-02-11 10:56:01,773 | INFO | kurzgesagt.providers.openai | OpenAI response received (chars=6275)
2026-02-11 10:56:01,773 | INFO | kurzgesagt.scene_parser | Parsed scenes=6 shots=7
2026-02-11 12:16:12,098 | INFO | kurzgesagt.video_generator | VideoGenerator initialized with Gemini API
2026-02-11 12:16:12,101 | INFO | kurzgesagt.video_generator | VideoGenerator initialized with Gemini API
2026-02-11 12:16:12,102 | INFO | kurzgesagt.video_generator | VideoGenerator initialized with Gemini API
2026-02-11 12:16:12,103 | INFO | kurzgesagt.video_generator | VideoGenerator initialized with Gemini API
2026-02-11 12:16:12,104 | INFO | kurzgesagt.video_generator | VideoGenerator initialized with Gemini API
2026-02-11 12:16:12,105 | INFO | kurzgesagt.video_generator | Generating video from /tmp/pytest-of-vtxgaming/pytest-20/test_generate_video_file_not_f0/nonexistent.png
2026-02-11 12:16:12,106 | INFO | kurzgesagt.video_generator | VideoGenerator initialized with Gemini API
2026-02-11 12:16:12,106 | INFO | kurzgesagt.video_generator | Generating video from /tmp/pytest-of-vtxgaming/pytest-20/test_generate_video_api_error0/test_image.png
2026-02-11 12:26:35,186 | INFO | kurzgesagt.scene_parser | Parsing script (chars=3939, shots=nested)
2026-02-11 12:27:39,005 | INFO | kurzgesagt.providers.openai | OpenAI response received (chars=6584)
2026-02-11 12:27:39,010 | ERROR | kurzgesagt.scene_parser | Failed to parse provider response
Traceback (most recent call last):
  File "/home/vtxgaming/dev/kurzgesagt-script-generator/src/kurzgesagt/core/scene_parser.py", line 206, in _extract_json
    return cast(Dict[str, Any], json.loads(text))
                                ~~~~~~~~~~^^^^^^
  File "/home/vtxgaming/.local/share/uv/python/cpython-3.13.7-linux-x86_64-gnu/lib/python3.13/json/__init__.py", line 346, in loads
    return _default_decoder.decode(s)
           ~~~~~~~~~~~~~~~~~~~~~~~^^^
  File "/home/vtxgaming/.local/share/uv/python/cpython-3.13.7-linux-x86_64-gnu/lib/python3.13/json/decoder.py", line 345, in decode
    obj, end = self.raw_decode(s, idx=_w(s, 0).end())
               ~~~~~~~~~~~~~~~^^^^^^^^^^^^^^^^^^^^^^^
  File "/home/vtxgaming/.local/share/uv/python/cpython-3.13.7-linux-x86_64-gnu/lib/python3.13/json/decoder.py", line 361, in raw_decode
    obj, end = self.scan_once(s, idx)
               ~~~~~~~~~~~~~~^^^^^^^^
json.decoder.JSONDecodeError: Unterminated string starting at: line 292 column 27 (char 19182)

During handling of the above exception, another exception occurred:

Traceback (most recent call last):
  File "/home/vtxgaming/dev/kurzgesagt-script-generator/src/kurzgesagt/core/scene_parser.py", line 211, in _extract_json
    return cast(Dict[str, Any], json.loads(cleaned))
                                ~~~~~~~~~~^^^^^^^^^
  File "/home/vtxgaming/.local/share/uv/python/cpython-3.13.7-linux-x86_64-gnu/lib/python3.13/json/__init__.py", line 346, in loads
    return _default_decoder.decode(s)
           ~~~~~~~~~~~~~~~~~~~~~~~^^^
  File "/home/vtxgaming/.local/share/uv/python/cpython-3.13.7-linux-x86_64-gnu/lib/python3.13/json/decoder.py", line 345, in decode
    obj, end = self.raw_decode(s, idx=_w(s, 0).end())
               ~~~~~~~~~~~~~~~^^^^^^^^^^^^^^^^^^^^^^^
  File "/home/vtxgaming/.local/share/uv/python/cpython-3.13.7-linux-x86_64-gnu/lib/python3.13/json/decoder.py", line 361, in raw_decode
    obj, end = self.scan_once(s, idx)
               ~~~~~~~~~~~~~~^^^^^^^^
json.decoder.JSONDecodeError: Unterminated string starting at: line 292 column 27 (char 19182)

During handling of the above exception, another exception occurred:

Traceback (most recent call last):
  File "/home/vtxgaming/dev/kurzgesagt-script-generator/src/kurzgesagt/core/scene_parser.py", line 215, in _extract_json
    return cast(Dict[str, Any], json.loads(repaired))
                                ~~~~~~~~~~^^^^^^^^^^
  File "/home/vtxgaming/.local/share/uv/python/cpython-3.13.7-linux-x86_64-gnu/lib/python3.13/json/__init__.py", line 346, in loads
    return _default_decoder.decode(s)
           ~~~~~~~~~~~~~~~~~~~~~~~^^^
  File "/home/vtxgaming/.local/share/uv/python/cpython-3.13.7-linux-x86_64-gnu/lib/python3.13/json/decoder.py", line 345, in decode
    obj, end = self.raw_decode(s, idx=_w(s, 0).end())
               ~~~~~~~~~~~~~~~^^^^^^^^^^^^^^^^^^^^^^^
  File "/home/vtxgaming/.local/share/uv/python/cpython-3.13.7-linux-x86_64-gnu/lib/python3.13/json/decoder.py", line 361, in raw_decode
    obj, end = self.scan_once(s, idx)
               ~~~~~~~~~~~~~~^^^^^^^^
json.decoder.JSONDecodeError: Expecting ',' delimiter: line 292 column 96 (char 19251)

During handling of the above exception, another exception occurred:

Traceback (most recent call last):
  File "/home/vtxgaming/dev/kurzgesagt-script-generator/src/kurzgesagt/core/scene_parser.py", line 82, in parse_script
    scenes_data = self._extract_json(response_text)
  File "/home/vtxgaming/dev/kurzgesagt-script-generator/src/kurzgesagt/core/scene_parser.py", line 219, in _extract_json
    self._parse_json_with_truncation(repaired),
    ~~~~~~~~~~~~~~~~~~~~~~~~~~~~~~~~^^^^^^^^^^
  File "/home/vtxgaming/dev/kurzgesagt-script-generator/src/kurzgesagt/core/scene_parser.py", line 340, in _parse_json_with_truncation
    return cast(Dict[str, Any], json.loads(text))
                                ~~~~~~~~~~^^^^^^
  File "/home/vtxgaming/.local/share/uv/python/cpython-3.13.7-linux-x86_64-gnu/lib/python3.13/json/__init__.py", line 346, in loads
    return _default_decoder.decode(s)
           ~~~~~~~~~~~~~~~~~~~~~~~^^^
  File "/home/vtxgaming/.local/share/uv/python/cpython-3.13.7-linux-x86_64-gnu/lib/python3.13/json/decoder.py", line 345, in decode
    obj, end = self.raw_decode(s, idx=_w(s, 0).end())
               ~~~~~~~~~~~~~~~^^^^^^^^^^^^^^^^^^^^^^^
  File "/home/vtxgaming/.local/share/uv/python/cpython-3.13.7-linux-x86_64-gnu/lib/python3.13/json/decoder.py", line 361, in raw_decode
    obj, end = self.scan_once(s, idx)
               ~~~~~~~~~~~~~~^^^^^^^^
json.decoder.JSONDecodeError: Expecting ',' delimiter: line 292 column 96 (char 19251)
2026-02-11 12:32:43,214 | INFO | kurzgesagt.video_generator | VideoGenerator initialized with Gemini API
2026-02-11 12:32:43,217 | INFO | kurzgesagt.video_generator | VideoGenerator initialized with Gemini API
2026-02-11 12:32:43,218 | INFO | kurzgesagt.video_generator | VideoGenerator initialized with Gemini API
2026-02-11 12:32:43,219 | INFO | kurzgesagt.video_generator | VideoGenerator initialized with Gemini API
2026-02-11 12:32:43,220 | INFO | kurzgesagt.video_generator | VideoGenerator initialized with Gemini API
2026-02-11 12:32:43,221 | INFO | kurzgesagt.video_generator | Generating video from /tmp/pytest-of-vtxgaming/pytest-21/test_generate_video_file_not_f0/nonexistent.png
2026-02-11 12:32:43,222 | INFO | kurzgesagt.video_generator | VideoGenerator initialized with Gemini API
2026-02-11 12:32:43,222 | INFO | kurzgesagt.video_generator | Generating video from /tmp/pytest-of-vtxgaming/pytest-21/test_generate_video_api_error0/test_image.png
2026-02-11 12:34:39,385 | INFO | kurzgesagt.scene_parser | Parsing script (chars=3939, shots=nested)
2026-02-11 12:35:43,519 | INFO | kurzgesagt.providers.openai | OpenAI response received (chars=6965)
2026-02-11 12:35:43,519 | INFO | kurzgesagt.scene_parser | Parsed scenes=6 shots=18
2026-02-11 12:40:21,019 | INFO | kurzgesagt.image_generator | Image generation prompt:
A flat 2D illustration of a bike locked on a porch contrasted with a shiny, secure bank vault in the background. Use a pastel color palette, minimal outlines, and clean vector shapes with clear space around elements. Flat 2D illustration, clean vector shapes, soft gradients, no text or lettering.

Style guide: Flat vector illustration, simple geometric shapes with clean outlines, no gradients, minimalist characters with round heads and simple features, 2D side view, solid backgrounds. Objects isolated on separate visual layers, clear negative space around elements (20% padding), distinct foreground/midground/background separation, centered composition with room for pan (rule of thirds), consistent light source from top-left, elements sized for scale animation, no overlapping objects where possible No text or lettering in the image.
2026-02-11 12:40:21,019 | INFO | kurzgesagt.image_generator | Generating image model=gemini-3-pro-image-preview aspect=3:2 size=1K
2026-02-11 12:40:21,019 | INFO | kurzgesagt.image_generator | Using reference image for style transfer (bytes=7348299)
2026-02-11 12:40:41,191 | INFO | kurzgesagt.image_generator | Image generation prompt:
A flat 2D illustration of a segmented diagram representing different levels of data classification, each level colored in a soft pastel tone, with clear separation. Icons for each classification should be simple and easy to read. Flat 2D illustration, clean vector shapes, soft gradients, no text or lettering.

Style guide: Flat vector illustration, simple geometric shapes with clean outlines, no gradients, minimalist characters with round heads and simple features, 2D side view, solid backgrounds. Objects isolated on separate visual layers, clear negative space around elements (20% padding), distinct foreground/midground/background separation, centered composition with room for pan (rule of thirds), consistent light source from top-left, elements sized for scale animation, no overlapping objects where possible No text or lettering in the image.
2026-02-11 12:40:41,192 | INFO | kurzgesagt.image_generator | Generating image model=gemini-3-pro-image-preview aspect=3:2 size=1K
2026-02-11 12:40:41,192 | INFO | kurzgesagt.image_generator | Using reference image for style transfer (bytes=7348299)
2026-02-11 12:41:00,466 | INFO | kurzgesagt.image_generator | Image generation prompt:
A flat 2D illustration showing a sensitivity scale with a graduated color change representing increasing protection levels. Simple shapes and solid backgrounds to represent levels clearly. Flat 2D illustration, clean vector shapes, soft gradients, no text or lettering.

Style guide: Flat vector illustration, simple geometric shapes with clean outlines, no gradients, minimalist characters with round heads and simple features, 2D side view, solid backgrounds. Objects isolated on separate visual layers, clear negative space around elements (20% padding), distinct foreground/midground/background separation, centered composition with room for pan (rule of thirds), consistent light source from top-left, elements sized for scale animation, no overlapping objects where possible No text or lettering in the image.
2026-02-11 12:41:00,466 | INFO | kurzgesagt.image_generator | Generating image model=gemini-3-pro-image-preview aspect=3:2 size=1K
2026-02-11 12:41:00,467 | INFO | kurzgesagt.image_generator | Using reference image for style transfer (bytes=7348299)
2026-02-11 12:41:23,453 | INFO | kurzgesagt.image_generator | Image generation prompt:
A flat 2D illustration of a locked bike displayed prominently on a scenic porch, accentuated by soft pastel colors and minimal outlines. The composition emphasizes the bike. Flat 2D illustration, clean vector shapes, soft gradients, no text or lettering.

Style guide: Flat vector illustration, simple geometric shapes with clean outlines, no gradients, minimalist characters with round heads and simple features, 2D side view, solid backgrounds. Objects isolated on separate visual layers, clear negative space around elements (20% padding), distinct foreground/midground/background separation, centered composition with room for pan (rule of thirds), consistent light source from top-left, elements sized for scale animation, no overlapping objects where possible No text or lettering in the image.
2026-02-11 12:41:23,453 | INFO | kurzgesagt.image_generator | Generating image model=gemini-3-pro-image-preview aspect=3:2 size=1K
2026-02-11 12:41:23,453 | INFO | kurzgesagt.image_generator | Using reference image for style transfer (bytes=7348299)
2026-02-11 12:41:43,722 | INFO | kurzgesagt.image_generator | Image generation prompt:
A flat 2D illustration with simplified icons of a published article, a brochure, and a website, all displayed on an open desk. Use pastel colors and clean outlines for clarity. Flat 2D illustration, clean vector shapes, soft gradients, no text or lettering.

Style guide: Flat vector illustration, simple geometric shapes with clean outlines, no gradients, minimalist characters with round heads and simple features, 2D side view, solid backgrounds. Objects isolated on separate visual layers, clear negative space around elements (20% padding), distinct foreground/midground/background separation, centered composition with room for pan (rule of thirds), consistent light source from top-left, elements sized for scale animation, no overlapping objects where possible No text or lettering in the image.
2026-02-11 12:41:43,722 | INFO | kurzgesagt.image_generator | Generating image model=gemini-3-pro-image-preview aspect=3:2 size=1K
2026-02-11 12:41:43,722 | INFO | kurzgesagt.image_generator | Using reference image for style transfer (bytes=7348299)
2026-02-11 12:42:02,915 | INFO | kurzgesagt.image_generator | Image generation prompt:
A flat 2D illustration depicting a house with the front door visibly locked, showcasing a warm interior atmosphere. Pastel color palette and minimal outlines enhance the cozy atmosphere. Flat 2D illustration, clean vector shapes, soft gradients, no text or lettering.

Style guide: Flat vector illustration, simple geometric shapes with clean outlines, no gradients, minimalist characters with round heads and simple features, 2D side view, solid backgrounds. Objects isolated on separate visual layers, clear negative space around elements (20% padding), distinct foreground/midground/background separation, centered composition with room for pan (rule of thirds), consistent light source from top-left, elements sized for scale animation, no overlapping objects where possible No text or lettering in the image.
2026-02-11 12:42:02,915 | INFO | kurzgesagt.image_generator | Generating image model=gemini-3-pro-image-preview aspect=3:2 size=1K
2026-02-11 12:42:02,915 | INFO | kurzgesagt.image_generator | Using reference image for style transfer (bytes=7348299)
2026-02-11 12:42:23,361 | INFO | kurzgesagt.image_generator | Image generation prompt:
A flat 2D illustration showing simplified figures of colleagues collaborating at a table, surrounded by charts and graphs. Use soft pastel colors to convey a friendly work environment. Flat 2D illustration, clean vector shapes, soft gradients, no text or lettering.

Style guide: Flat vector illustration, simple geometric shapes with clean outlines, no gradients, minimalist characters with round heads and simple features, 2D side view, solid backgrounds. Objects isolated on separate visual layers, clear negative space around elements (20% padding), distinct foreground/midground/background separation, centered composition with room for pan (rule of thirds), consistent light source from top-left, elements sized for scale animation, no overlapping objects where possible No text or lettering in the image.
2026-02-11 12:42:23,361 | INFO | kurzgesagt.image_generator | Generating image model=gemini-3-pro-image-preview aspect=3:2 size=1K
2026-02-11 12:42:23,361 | INFO | kurzgesagt.image_generator | Using reference image for style transfer (bytes=7348299)
2026-02-11 12:42:43,659 | INFO | kurzgesagt.image_generator | Image generation prompt:
A flat 2D illustration contrasting a spy movie scene with a safe, locked room versus chaotic online data sharing. Clean outlines with pastel colors emphasize the serious versus casual nature. Flat 2D illustration, clean vector shapes, soft gradients, no text or lettering.

Style guide: Flat vector illustration, simple geometric shapes with clean outlines, no gradients, minimalist characters with round heads and simple features, 2D side view, solid backgrounds. Objects isolated on separate visual layers, clear negative space around elements (20% padding), distinct foreground/midground/background separation, centered composition with room for pan (rule of thirds), consistent light source from top-left, elements sized for scale animation, no overlapping objects where possible No text or lettering in the image.
2026-02-11 12:42:43,660 | INFO | kurzgesagt.image_generator | Generating image model=gemini-3-pro-image-preview aspect=3:2 size=1K
2026-02-11 12:42:43,660 | INFO | kurzgesagt.image_generator | Using reference image for style transfer (bytes=7348299)
2026-02-11 12:43:02,319 | INFO | kurzgesagt.image_generator | Image generation prompt:
A flat 2D illustration of an ornate jewelry box placed delicately on a dresser in a softly lit bedroom, highlighting the care associated with its contents. Use pastel tones for a calming effect. Flat 2D illustration, clean vector shapes, soft gradients, no text or lettering.

Style guide: Flat vector illustration, simple geometric shapes with clean outlines, no gradients, minimalist characters with round heads and simple features, 2D side view, solid backgrounds. Objects isolated on separate visual layers, clear negative space around elements (20% padding), distinct foreground/midground/background separation, centered composition with room for pan (rule of thirds), consistent light source from top-left, elements sized for scale animation, no overlapping objects where possible No text or lettering in the image.
2026-02-11 12:43:02,320 | INFO | kurzgesagt.image_generator | Generating image model=gemini-3-pro-image-preview aspect=3:2 size=1K
2026-02-11 12:43:02,320 | INFO | kurzgesagt.image_generator | Using reference image for style transfer (bytes=7348299)
2026-02-11 12:43:27,749 | INFO | kurzgesagt.image_generator | Image generation prompt:
A flat 2D illustration showing added security features around the jewelry box, like locks and a checklist representing sharing rules, all in a pastel-themed background. Flat 2D illustration, clean vector shapes, soft gradients, no text or lettering.

Style guide: Flat vector illustration, simple geometric shapes with clean outlines, no gradients, minimalist characters with round heads and simple features, 2D side view, solid backgrounds. Objects isolated on separate visual layers, clear negative space around elements (20% padding), distinct foreground/midground/background separation, centered composition with room for pan (rule of thirds), consistent light source from top-left, elements sized for scale animation, no overlapping objects where possible No text or lettering in the image.
2026-02-11 12:43:27,749 | INFO | kurzgesagt.image_generator | Generating image model=gemini-3-pro-image-preview aspect=3:2 size=1K
2026-02-11 12:43:27,750 | INFO | kurzgesagt.image_generator | Using reference image for style transfer (bytes=7348299)
2026-02-11 12:43:47,541 | INFO | kurzgesagt.image_generator | Image generation prompt:
A flat 2D illustration featuring surveillance cameras and motion sensors around the house, highlighting heightened awareness while retaining a soft pastel aesthetic. Flat 2D illustration, clean vector shapes, soft gradients, no text or lettering.

Style guide: Flat vector illustration, simple geometric shapes with clean outlines, no gradients, minimalist characters with round heads and simple features, 2D side view, solid backgrounds. Objects isolated on separate visual layers, clear negative space around elements (20% padding), distinct foreground/midground/background separation, centered composition with room for pan (rule of thirds), consistent light source from top-left, elements sized for scale animation, no overlapping objects where possible No text or lettering in the image.
2026-02-11 12:43:47,541 | INFO | kurzgesagt.image_generator | Generating image model=gemini-3-pro-image-preview aspect=3:2 size=1K
2026-02-11 12:43:47,541 | INFO | kurzgesagt.image_generator | Using reference image for style transfer (bytes=7348299)
2026-02-11 12:44:07,697 | INFO | kurzgesagt.image_generator | Image generation prompt:
A flat 2D illustration of an imposing bank vault door, symbolizing the utmost security for extremely sensitive data, enriched with a pastel color scheme. Flat 2D illustration, clean vector shapes, soft gradients, no text or lettering.

Style guide: Flat vector illustration, simple geometric shapes with clean outlines, no gradients, minimalist characters with round heads and simple features, 2D side view, solid backgrounds. Objects isolated on separate visual layers, clear negative space around elements (20% padding), distinct foreground/midground/background separation, centered composition with room for pan (rule of thirds), consistent light source from top-left, elements sized for scale animation, no overlapping objects where possible No text or lettering in the image.
2026-02-11 12:44:07,697 | INFO | kurzgesagt.image_generator | Generating image model=gemini-3-pro-image-preview aspect=3:2 size=1K
2026-02-11 12:44:07,697 | INFO | kurzgesagt.image_generator | Using reference image for style transfer (bytes=7348299)
2026-02-11 12:44:26,904 | INFO | kurzgesagt.image_generator | Image generation prompt:
A flat 2D illustration representing a small group of people with security badges accessing the vault, showcasing the exclusivity of access through simple icons, surrounded by soft pastel colors. Flat 2D illustration, clean vector shapes, soft gradients, no text or lettering.

Style guide: Flat vector illustration, simple geometric shapes with clean outlines, no gradients, minimalist characters with round heads and simple features, 2D side view, solid backgrounds. Objects isolated on separate visual layers, clear negative space around elements (20% padding), distinct foreground/midground/background separation, centered composition with room for pan (rule of thirds), consistent light source from top-left, elements sized for scale animation, no overlapping objects where possible No text or lettering in the image.
2026-02-11 12:44:26,904 | INFO | kurzgesagt.image_generator | Generating image model=gemini-3-pro-image-preview aspect=3:2 size=1K
2026-02-11 12:44:26,904 | INFO | kurzgesagt.image_generator | Using reference image for style transfer (bytes=7348299)
2026-02-11 12:44:47,094 | INFO | kurzgesagt.image_generator | Image generation prompt:
A flat 2D illustration depicting chaotic scenarios as a result of leaks, like media sensationalism and legal issues. Use a limited pastel palette to differentiate it from secure scenarios. Flat 2D illustration, clean vector shapes, soft gradients, no text or lettering.

Style guide: Flat vector illustration, simple geometric shapes with clean outlines, no gradients, minimalist characters with round heads and simple features, 2D side view, solid backgrounds. Objects isolated on separate visual layers, clear negative space around elements (20% padding), distinct foreground/midground/background separation, centered composition with room for pan (rule of thirds), consistent light source from top-left, elements sized for scale animation, no overlapping objects where possible No text or lettering in the image.
2026-02-11 12:44:47,095 | INFO | kurzgesagt.image_generator | Generating image model=gemini-3-pro-image-preview aspect=3:2 size=1K
2026-02-11 12:44:47,095 | INFO | kurzgesagt.image_generator | Using reference image for style transfer (bytes=7348299)
2026-02-11 12:45:05,463 | INFO | kurzgesagt.image_generator | Image generation prompt:
A flat 2D illustration summarizing the data classification levels in a circular layout, each level labeled with icons distilling the key ideas, using a pastel color scheme. Flat 2D illustration, clean vector shapes, soft gradients, no text or lettering.

Style guide: Flat vector illustration, simple geometric shapes with clean outlines, no gradients, minimalist characters with round heads and simple features, 2D side view, solid backgrounds. Objects isolated on separate visual layers, clear negative space around elements (20% padding), distinct foreground/midground/background separation, centered composition with room for pan (rule of thirds), consistent light source from top-left, elements sized for scale animation, no overlapping objects where possible No text or lettering in the image.
2026-02-11 12:45:05,463 | INFO | kurzgesagt.image_generator | Generating image model=gemini-3-pro-image-preview aspect=3:2 size=1K
2026-02-11 12:45:05,463 | INFO | kurzgesagt.image_generator | Using reference image for style transfer (bytes=7348299)
2026-02-11 12:45:27,061 | INFO | kurzgesagt.image_generator | Image generation prompt:
A flat 2D illustration showing a seesaw scenario where one side represents exposure and the other represents productivity, with pastel colors for balance. Flat 2D illustration, clean vector shapes, soft gradients, no text or lettering.

Style guide: Flat vector illustration, simple geometric shapes with clean outlines, no gradients, minimalist characters with round heads and simple features, 2D side view, solid backgrounds. Objects isolated on separate visual layers, clear negative space around elements (20% padding), distinct foreground/midground/background separation, centered composition with room for pan (rule of thirds), consistent light source from top-left, elements sized for scale animation, no overlapping objects where possible No text or lettering in the image.
2026-02-11 12:45:27,061 | INFO | kurzgesagt.image_generator | Generating image model=gemini-3-pro-image-preview aspect=3:2 size=1K
2026-02-11 12:45:27,061 | INFO | kurzgesagt.image_generator | Using reference image for style transfer (bytes=7348299)
2026-02-11 12:45:48,438 | INFO | kurzgesagt.image_generator | Image generation prompt:
A flat 2D illustration visually representing the idea of assessments and evaluations on a simple scale, with pastel colors and minimal outlines. Flat 2D illustration, clean vector shapes, soft gradients, no text or lettering.

Style guide: Flat vector illustration, simple geometric shapes with clean outlines, no gradients, minimalist characters with round heads and simple features, 2D side view, solid backgrounds. Objects isolated on separate visual layers, clear negative space around elements (20% padding), distinct foreground/midground/background separation, centered composition with room for pan (rule of thirds), consistent light source from top-left, elements sized for scale animation, no overlapping objects where possible No text or lettering in the image.
2026-02-11 12:45:48,438 | INFO | kurzgesagt.image_generator | Generating image model=gemini-3-pro-image-preview aspect=3:2 size=1K
2026-02-11 12:45:48,438 | INFO | kurzgesagt.image_generator | Using reference image for style transfer (bytes=7348299)
2026-02-11 12:46:07,347 | INFO | kurzgesagt.image_generator | Image generation prompt:
A flat 2D illustration of a person awkwardly explaining a bicycle to a bank teller, depicting humor and the importance of clarity in data classification. Use soft pastel colors to keep it fun. Flat 2D illustration, clean vector shapes, soft gradients, no text or lettering.

Style guide: Flat vector illustration, simple geometric shapes with clean outlines, no gradients, minimalist characters with round heads and simple features, 2D side view, solid backgrounds. Objects isolated on separate visual layers, clear negative space around elements (20% padding), distinct foreground/midground/background separation, centered composition with room for pan (rule of thirds), consistent light source from top-left, elements sized for scale animation, no overlapping objects where possible No text or lettering in the image.
2026-02-11 12:46:07,347 | INFO | kurzgesagt.image_generator | Generating image model=gemini-3-pro-image-preview aspect=3:2 size=1K
2026-02-11 12:46:07,347 | INFO | kurzgesagt.image_generator | Using reference image for style transfer (bytes=7348299)
2026-02-11 12:47:03,127 | INFO | kurzgesagt.audio_generator | Generating audio: model=tts-1 voice=alloy speed=1.0 text_length=491
2026-02-11 12:47:10,599 | INFO | kurzgesagt.audio_generator | Audio generated successfully: 585120 bytes
2026-02-11 12:47:10,810 | INFO | kurzgesagt.audio_generator | Generating audio: model=tts-1 voice=alloy speed=1.0 text_length=412
2026-02-11 12:47:16,103 | INFO | kurzgesagt.audio_generator | Audio generated successfully: 490080 bytes
2026-02-11 12:47:16,310 | INFO | kurzgesagt.audio_generator | Generating audio: model=tts-1 voice=alloy speed=1.0 text_length=351
2026-02-11 12:47:20,854 | INFO | kurzgesagt.audio_generator | Audio generated successfully: 429120 bytes
2026-02-11 12:47:21,063 | INFO | kurzgesagt.audio_generator | Generating audio: model=tts-1 voice=alloy speed=1.0 text_length=419
2026-02-11 12:47:26,559 | INFO | kurzgesagt.audio_generator | Audio generated successfully: 509280 bytes
2026-02-11 12:47:26,757 | INFO | kurzgesagt.audio_generator | Generating audio: model=tts-1 voice=alloy speed=1.0 text_length=297
2026-02-11 12:47:32,818 | INFO | kurzgesagt.audio_generator | Audio generated successfully: 361440 bytes
2026-02-11 12:47:33,027 | INFO | kurzgesagt.audio_generator | Generating audio: model=tts-1 voice=alloy speed=1.0 text_length=280
2026-02-11 12:47:37,297 | INFO | kurzgesagt.audio_generator | Audio generated successfully: 342720 bytes
2026-02-11 12:51:41,963 | INFO | kurzgesagt.video_generator | VideoGenerator initialized with Gemini API
2026-02-11 12:51:41,965 | INFO | kurzgesagt.video_generator | VideoGenerator initialized with Gemini API
2026-02-11 12:51:41,966 | INFO | kurzgesagt.video_generator | VideoGenerator initialized with Gemini API
2026-02-11 12:51:41,967 | INFO | kurzgesagt.video_generator | VideoGenerator initialized with Gemini API
2026-02-11 12:51:41,969 | INFO | kurzgesagt.video_generator | VideoGenerator initialized with Gemini API
2026-02-11 12:51:41,969 | INFO | kurzgesagt.video_generator | Generating video from /tmp/pytest-of-vtxgaming/pytest-22/test_generate_video_file_not_f0/nonexistent.png
2026-02-11 12:51:41,971 | INFO | kurzgesagt.video_generator | VideoGenerator initialized with Gemini API
2026-02-11 12:51:41,971 | INFO | kurzgesagt.video_generator | Generating video from /tmp/pytest-of-vtxgaming/pytest-22/test_generate_video_api_error0/test_image.png
2026-02-11 12:54:35,288 | INFO | kurzgesagt.ui | Updated video prompt for Scene 1 Shot 2
2026-02-11 12:54:59,143 | INFO | kurzgesagt.video_generator | VideoGenerator initialized with Gemini API
2026-02-11 12:54:59,143 | INFO | kurzgesagt.video_generator | Generating video from /home/vtxgaming/dev/kurzgesagt-script-generator/projects/Security_tradeoff/images/scene_01/shot_02.png
2026-02-11 12:54:59,143 | ERROR | kurzgesagt.ui | Video generation error
Traceback (most recent call last):
  File "/home/vtxgaming/dev/kurzgesagt-script-generator/src/kurzgesagt/core/video_generator.py", line 93, in generate_video_from_image
    config=types.VideoConfig(
           ^^^^^^^^^^^^^^^^^
AttributeError: module 'google.genai.types' has no attribute 'VideoConfig'

The above exception was the direct cause of the following exception:

Traceback (most recent call last):
  File "/home/vtxgaming/dev/kurzgesagt-script-generator/src/kurzgesagt/ui/app.py", line 2414, in generate_selected_video
    video_path = generator.save_shot_video(
        project_dir=project_dir,
    ...<5 lines>...
        style_context=style_context
    )
  File "/home/vtxgaming/dev/kurzgesagt-script-generator/src/kurzgesagt/core/video_generator.py", line 188, in save_shot_video
    video_bytes = self.generate_video_from_image(
        image_path=image_path,
    ...<4 lines>...
        aspect_ratio="9:16"
    )
  File "/home/vtxgaming/dev/kurzgesagt-script-generator/src/kurzgesagt/core/video_generator.py", line 99, in generate_video_from_image
    raise VideoGenerationError(f"Failed to start video generation: {e}") from e
kurzgesagt.core.video_generator.VideoGenerationError: Failed to start video generation: module 'google.genai.types' has no attribute 'VideoConfig'
2026-02-11 12:58:42,347 | INFO | kurzgesagt.video_generator | VideoGenerator initialized with Gemini API
2026-02-11 12:58:42,349 | INFO | kurzgesagt.video_generator | VideoGenerator initialized with Gemini API
2026-02-11 12:58:42,350 | INFO | kurzgesagt.video_generator | VideoGenerator initialized with Gemini API
2026-02-11 12:58:42,352 | INFO | kurzgesagt.video_generator | VideoGenerator initialized with Gemini API
2026-02-11 12:58:42,353 | INFO | kurzgesagt.video_generator | VideoGenerator initialized with Gemini API
2026-02-11 12:58:42,353 | INFO | kurzgesagt.video_generator | Generating video from /tmp/pytest-of-vtxgaming/pytest-24/test_generate_video_file_not_f0/nonexistent.png
2026-02-11 12:58:42,355 | INFO | kurzgesagt.video_generator | VideoGenerator initialized with Gemini API
2026-02-11 12:58:42,355 | INFO | kurzgesagt.video_generator | Generating video from /tmp/pytest-of-vtxgaming/pytest-24/test_generate_video_api_error0/test_image.png
2026-02-11 13:18:27,701 | INFO | kurzgesagt.video_generator | VideoGenerator initialized with Gemini API
2026-02-11 13:18:27,702 | INFO | kurzgesagt.video_generator | Generating video from /home/vtxgaming/dev/kurzgesagt-script-generator/projects/Security_tradeoff/images/scene_01/shot_02.png
2026-02-11 13:18:27,702 | ERROR | kurzgesagt.ui | Video generation error
Traceback (most recent call last):
  File "/home/vtxgaming/dev/kurzgesagt-script-generator/src/kurzgesagt/core/video_generator.py", line 93, in generate_video_from_image
    config=types.GenerateVideosConfig(
           ^^^^^^^^^^^^^^^^^
AttributeError: module 'google.genai.types' has no attribute 'VideoConfig'

The above exception was the direct cause of the following exception:

Traceback (most recent call last):
  File "/home/vtxgaming/dev/kurzgesagt-script-generator/src/kurzgesagt/ui/app.py", line 2414, in generate_selected_video
    video_path = generator.save_shot_video(
        project_dir=project_dir,
    ...<5 lines>...
        style_context=style_context
    )
  File "/home/vtxgaming/dev/kurzgesagt-script-generator/src/kurzgesagt/core/video_generator.py", line 188, in save_shot_video
    video_bytes = self.generate_video_from_image(
        image_path=image_path,
    ...<4 lines>...
        aspect_ratio="9:16"
    )
  File "/home/vtxgaming/dev/kurzgesagt-script-generator/src/kurzgesagt/core/video_generator.py", line 99, in generate_video_from_image
    raise VideoGenerationError(f"Failed to start video generation: {e}") from e
kurzgesagt.core.video_generator.VideoGenerationError: Failed to start video generation: module 'google.genai.types' has no attribute 'VideoConfig'
2026-02-11 13:20:35,673 | INFO | kurzgesagt.ui | Updated video prompt for Scene 1 Shot 1
2026-02-11 13:20:41,482 | INFO | kurzgesagt.video_generator | VideoGenerator initialized with Gemini API
2026-02-11 13:20:41,483 | INFO | kurzgesagt.video_generator | Generating video from /home/vtxgaming/dev/kurzgesagt-script-generator/projects/Security_tradeoff/images/scene_01/shot_01.png
2026-02-11 13:20:43,388 | INFO | kurzgesagt.video_generator | Polling for video generation completion...
2026-02-11 13:20:53,388 | ERROR | kurzgesagt.ui | Video generation error
Traceback (most recent call last):
  File "/home/vtxgaming/dev/kurzgesagt-script-generator/src/kurzgesagt/core/video_generator.py", line 113, in generate_video_from_image
    operation = self.client.operations.get(operation.name)
  File "/home/vtxgaming/dev/kurzgesagt-script-generator/.venv/lib/python3.13/site-packages/google/genai/operations.py", line 255, in get
    operation_name = operation.name
                     ^^^^^^^^^^^^^^
AttributeError: 'str' object has no attribute 'name'

The above exception was the direct cause of the following exception:

Traceback (most recent call last):
  File "/home/vtxgaming/dev/kurzgesagt-script-generator/src/kurzgesagt/ui/app.py", line 2414, in generate_selected_video
    video_path = generator.save_shot_video(
        project_dir=project_dir,
    ...<5 lines>...
        style_context=style_context
    )
  File "/home/vtxgaming/dev/kurzgesagt-script-generator/src/kurzgesagt/core/video_generator.py", line 188, in save_shot_video
    video_bytes = self.generate_video_from_image(
        image_path=image_path,
    ...<4 lines>...
        aspect_ratio="9:16"
    )
  File "/home/vtxgaming/dev/kurzgesagt-script-generator/src/kurzgesagt/core/video_generator.py", line 115, in generate_video_from_image
    raise VideoGenerationError(f"Failed to poll operation status: {e}") from e
kurzgesagt.core.video_generator.VideoGenerationError: Failed to poll operation status: 'str' object has no attribute 'name'
2026-02-11 13:24:52,215 | INFO | kurzgesagt.video_generator | VideoGenerator initialized with Gemini API
2026-02-11 13:24:52,217 | INFO | kurzgesagt.video_generator | VideoGenerator initialized with Gemini API
2026-02-11 13:24:52,218 | INFO | kurzgesagt.video_generator | VideoGenerator initialized with Gemini API
2026-02-11 13:24:52,219 | INFO | kurzgesagt.video_generator | VideoGenerator initialized with Gemini API
2026-02-11 13:24:52,221 | INFO | kurzgesagt.video_generator | VideoGenerator initialized with Gemini API
2026-02-11 13:24:52,221 | INFO | kurzgesagt.video_generator | Generating video from /tmp/pytest-of-vtxgaming/pytest-26/test_generate_video_file_not_f0/nonexistent.png
2026-02-11 13:24:52,223 | INFO | kurzgesagt.video_generator | VideoGenerator initialized with Gemini API
2026-02-11 13:24:52,223 | INFO | kurzgesagt.video_generator | Generating video from /tmp/pytest-of-vtxgaming/pytest-26/test_generate_video_api_error0/test_image.png
2026-02-11 13:31:22,281 | INFO | kurzgesagt.video_generator | VideoGenerator initialized with Gemini API
2026-02-11 13:31:22,282 | INFO | kurzgesagt.video_generator | Generating video from /home/vtxgaming/dev/kurzgesagt-script-generator/projects/Security_tradeoff/images/scene_01/shot_01.png
2026-02-11 13:31:24,034 | INFO | kurzgesagt.video_generator | Polling for video generation completion...
2026-02-11 13:32:26,183 | INFO | kurzgesagt.video_generator | Still generating... (60s elapsed)
2026-02-11 13:32:26,183 | ERROR | kurzgesagt.ui | Video generation error
Traceback (most recent call last):
  File "/home/vtxgaming/dev/kurzgesagt-script-generator/src/kurzgesagt/ui/app.py", line 2414, in generate_selected_video
    video_path = generator.save_shot_video(
        project_dir=project_dir,
    ...<5 lines>...
        style_context=style_context
    )
  File "/home/vtxgaming/dev/kurzgesagt-script-generator/src/kurzgesagt/core/video_generator.py", line 206, in save_shot_video
    video_bytes = self.generate_video_from_image(
        image_path=image_path,
    ...<4 lines>...
        aspect_ratio="9:16"
    )
  File "/home/vtxgaming/dev/kurzgesagt-script-generator/src/kurzgesagt/core/video_generator.py", line 139, in generate_video_from_image
    raise VideoGenerationError("Video returned as URI instead of bytes - not currently supported")
kurzgesagt.core.video_generator.VideoGenerationError: Video returned as URI instead of bytes - not currently supported
2026-02-11 13:39:34,689 | INFO | kurzgesagt.video_generator | VideoGenerator initialized with Gemini API
2026-02-11 13:39:34,692 | INFO | kurzgesagt.video_generator | VideoGenerator initialized with Gemini API
2026-02-11 13:39:34,693 | INFO | kurzgesagt.video_generator | VideoGenerator initialized with Gemini API
2026-02-11 13:39:34,694 | INFO | kurzgesagt.video_generator | VideoGenerator initialized with Gemini API
2026-02-11 13:39:34,696 | INFO | kurzgesagt.video_generator | VideoGenerator initialized with Gemini API
2026-02-11 13:39:34,696 | INFO | kurzgesagt.video_generator | Generating video from /tmp/pytest-of-vtxgaming/pytest-27/test_generate_video_file_not_f0/nonexistent.png
2026-02-11 13:39:34,698 | INFO | kurzgesagt.video_generator | VideoGenerator initialized with Gemini API
2026-02-11 13:39:34,698 | INFO | kurzgesagt.video_generator | Generating video from /tmp/pytest-of-vtxgaming/pytest-27/test_generate_video_api_error0/test_image.png
2026-02-11 13:44:01,649 | INFO | kurzgesagt.video_generator | VideoGenerator initialized with Gemini API
2026-02-11 13:44:01,650 | INFO | kurzgesagt.video_generator | Generating video from /home/vtxgaming/dev/kurzgesagt-script-generator/projects/Security_tradeoff/images/scene_01/shot_01.png
2026-02-11 13:44:03,027 | INFO | kurzgesagt.video_generator | Polling for video generation completion...
2026-02-11 13:45:05,240 | INFO | kurzgesagt.video_generator | Still generating... (60s elapsed)
2026-02-11 13:45:15,640 | INFO | kurzgesagt.video_generator | Downloading video from URI: https://generativelanguage.googleapis.com/v1beta/files/s6tzc89gibls:download?alt=media
2026-02-11 13:45:16,086 | ERROR | kurzgesagt.ui | Video generation error
Traceback (most recent call last):
  File "/home/vtxgaming/dev/kurzgesagt-script-generator/src/kurzgesagt/core/video_generator.py", line 144, in generate_video_from_image
    with urllib.request.urlopen(video.uri) as response:
         ~~~~~~~~~~~~~~~~~~~~~~^^^^^^^^^^^
  File "/home/vtxgaming/.local/share/uv/python/cpython-3.13.7-linux-x86_64-gnu/lib/python3.13/urllib/request.py", line 189, in urlopen
    return opener.open(url, data, timeout)
           ~~~~~~~~~~~^^^^^^^^^^^^^^^^^^^^
  File "/home/vtxgaming/.local/share/uv/python/cpython-3.13.7-linux-x86_64-gnu/lib/python3.13/urllib/request.py", line 495, in open
    response = meth(req, response)
  File "/home/vtxgaming/.local/share/uv/python/cpython-3.13.7-linux-x86_64-gnu/lib/python3.13/urllib/request.py", line 604, in http_response
    response = self.parent.error(
        'http', request, response, code, msg, hdrs)
  File "/home/vtxgaming/.local/share/uv/python/cpython-3.13.7-linux-x86_64-gnu/lib/python3.13/urllib/request.py", line 527, in error
    result = self._call_chain(*args)
  File "/home/vtxgaming/.local/share/uv/python/cpython-3.13.7-linux-x86_64-gnu/lib/python3.13/urllib/request.py", line 466, in _call_chain
    result = func(*args)
  File "/home/vtxgaming/.local/share/uv/python/cpython-3.13.7-linux-x86_64-gnu/lib/python3.13/urllib/request.py", line 720, in http_error_302
    return self.parent.open(new, timeout=req.timeout)
           ~~~~~~~~~~~~~~~~^^^^^^^^^^^^^^^^^^^^^^^^^^
  File "/home/vtxgaming/.local/share/uv/python/cpython-3.13.7-linux-x86_64-gnu/lib/python3.13/urllib/request.py", line 495, in open
    response = meth(req, response)
  File "/home/vtxgaming/.local/share/uv/python/cpython-3.13.7-linux-x86_64-gnu/lib/python3.13/urllib/request.py", line 604, in http_response
    response = self.parent.error(
        'http', request, response, code, msg, hdrs)
  File "/home/vtxgaming/.local/share/uv/python/cpython-3.13.7-linux-x86_64-gnu/lib/python3.13/urllib/request.py", line 533, in error
    return self._call_chain(*args)
           ~~~~~~~~~~~~~~~~^^^^^^^
  File "/home/vtxgaming/.local/share/uv/python/cpython-3.13.7-linux-x86_64-gnu/lib/python3.13/urllib/request.py", line 466, in _call_chain
    result = func(*args)
  File "/home/vtxgaming/.local/share/uv/python/cpython-3.13.7-linux-x86_64-gnu/lib/python3.13/urllib/request.py", line 613, in http_error_default
    raise HTTPError(req.full_url, code, msg, hdrs, fp)
urllib.error.HTTPError: HTTP Error 403: Forbidden

The above exception was the direct cause of the following exception:

Traceback (most recent call last):
  File "/home/vtxgaming/dev/kurzgesagt-script-generator/src/kurzgesagt/ui/app.py", line 2414, in generate_selected_video
    video_path = generator.save_shot_video(
        project_dir=project_dir,
    ...<5 lines>...
        style_context=style_context
    )
  File "/home/vtxgaming/dev/kurzgesagt-script-generator/src/kurzgesagt/core/video_generator.py", line 214, in save_shot_video
    video_bytes = self.generate_video_from_image(
        image_path=image_path,
    ...<4 lines>...
        aspect_ratio="9:16"
    )
  File "/home/vtxgaming/dev/kurzgesagt-script-generator/src/kurzgesagt/core/video_generator.py", line 148, in generate_video_from_image
    raise VideoGenerationError(f"Failed to download video from URI: {e}") from e
kurzgesagt.core.video_generator.VideoGenerationError: Failed to download video from URI: HTTP Error 403: Forbidden
2026-02-11 13:48:00,034 | INFO | kurzgesagt.video_generator | VideoGenerator initialized with Gemini API
2026-02-11 13:48:00,036 | INFO | kurzgesagt.video_generator | VideoGenerator initialized with Gemini API
2026-02-11 13:48:00,037 | INFO | kurzgesagt.video_generator | VideoGenerator initialized with Gemini API
2026-02-11 13:48:00,039 | INFO | kurzgesagt.video_generator | VideoGenerator initialized with Gemini API
2026-02-11 13:48:00,040 | INFO | kurzgesagt.video_generator | VideoGenerator initialized with Gemini API
2026-02-11 13:48:00,040 | INFO | kurzgesagt.video_generator | Generating video from /tmp/pytest-of-vtxgaming/pytest-28/test_generate_video_file_not_f0/nonexistent.png
2026-02-11 13:48:00,042 | INFO | kurzgesagt.video_generator | VideoGenerator initialized with Gemini API
2026-02-11 13:48:00,042 | INFO | kurzgesagt.video_generator | Generating video from /tmp/pytest-of-vtxgaming/pytest-28/test_generate_video_api_error0/test_image.png
2026-02-11 14:48:09,547 | INFO | kurzgesagt.video_generator | VideoGenerator initialized with Gemini API
2026-02-11 14:48:09,548 | INFO | kurzgesagt.video_generator | Generating video from /home/vtxgaming/dev/kurzgesagt-script-generator/projects/Security_tradeoff/images/scene_01/shot_01.png
2026-02-11 14:48:11,701 | INFO | kurzgesagt.video_generator | Polling for video generation completion...
2026-02-11 14:49:13,940 | INFO | kurzgesagt.video_generator | Still generating... (60s elapsed)
2026-02-11 14:49:13,940 | INFO | kurzgesagt.video_generator | Downloading video from URI...
2026-02-11 14:49:14,251 | ERROR | kurzgesagt.video_generator | HTTP 403 error downloading video: 403 Client Error: Forbidden for url: https://generativelanguage.googleapis.com/download/v1beta/files/nkglyot4am2k:download?alt=media
2026-02-11 14:49:14,251 | ERROR | kurzgesagt.ui | Video generation error
Traceback (most recent call last):
  File "/home/vtxgaming/dev/kurzgesagt-script-generator/src/kurzgesagt/core/video_generator.py", line 146, in generate_video_from_image
    response.raise_for_status()
    ~~~~~~~~~~~~~~~~~~~~~~~~~^^
  File "/home/vtxgaming/dev/kurzgesagt-script-generator/.venv/lib/python3.13/site-packages/requests/models.py", line 1026, in raise_for_status
    raise HTTPError(http_error_msg, response=self)
requests.exceptions.HTTPError: 403 Client Error: Forbidden for url: https://generativelanguage.googleapis.com/download/v1beta/files/nkglyot4am2k:download?alt=media

The above exception was the direct cause of the following exception:

Traceback (most recent call last):
  File "/home/vtxgaming/dev/kurzgesagt-script-generator/src/kurzgesagt/ui/app.py", line 2414, in generate_selected_video
    video_path = generator.save_shot_video(
        project_dir=project_dir,
    ...<5 lines>...
        style_context=style_context
    )
  File "/home/vtxgaming/dev/kurzgesagt-script-generator/src/kurzgesagt/core/video_generator.py", line 239, in save_shot_video
    video_bytes = self.generate_video_from_image(
        image_path=image_path,
    ...<4 lines>...
        aspect_ratio="9:16"
    )
  File "/home/vtxgaming/dev/kurzgesagt-script-generator/src/kurzgesagt/core/video_generator.py", line 171, in generate_video_from_image
    raise VideoGenerationError(error_msg) from e
kurzgesagt.core.video_generator.VideoGenerationError: Failed to download video from Google Cloud Storage (HTTP 403 Forbidden). This usually indicates one of these issues:

1. Your GEMINI_API_KEY may not have permissions to access Cloud Storage
2. You may need to enable a Google Cloud Project with billing for Gemini API
3. The Gemini API service account needs Storage Object Viewer permissions

To fix this:
- Go to https://console.cloud.google.com/
- Enable the Gemini API and set up billing
- Ensure your API key has proper permissions

The video was generated successfully but cannot be downloaded automatically.
2026-02-11 15:13:15,249 | INFO | kurzgesagt.ui | Updated video prompt for Scene 1 Shot 2
2026-02-11 15:13:18,184 | INFO | kurzgesagt.video_generator | VideoGenerator initialized with Gemini API
2026-02-11 15:13:18,184 | INFO | kurzgesagt.video_generator | Generating video from /home/vtxgaming/dev/kurzgesagt-script-generator/projects/Security_tradeoff/images/scene_01/shot_02.png
2026-02-11 15:13:18,620 | ERROR | kurzgesagt.ui | Video generation error
Traceback (most recent call last):
  File "/home/vtxgaming/dev/kurzgesagt-script-generator/src/kurzgesagt/core/video_generator.py", line 87, in generate_video_from_image
    operation = self.client.models.generate_videos(
        model="veo-3.1-generate-preview",
    ...<8 lines>...
        )
    )
  File "/home/vtxgaming/dev/kurzgesagt-script-generator/.venv/lib/python3.13/site-packages/google/genai/models.py", line 5984, in generate_videos
    return self._generate_videos(
           ~~~~~~~~~~~~~~~~~~~~~^
        model=model,
        ^^^^^^^^^^^^
    ...<4 lines>...
        config=config,
        ^^^^^^^^^^^^^^
    )
    ^
  File "/home/vtxgaming/dev/kurzgesagt-script-generator/.venv/lib/python3.13/site-packages/google/genai/models.py", line 5337, in _generate_videos
    response = self._api_client.request(
        'post', path, request_dict, http_options
    )
  File "/home/vtxgaming/dev/kurzgesagt-script-generator/.venv/lib/python3.13/site-packages/google/genai/_api_client.py", line 1386, in request
    response = self._request(http_request, http_options, stream=False)
  File "/home/vtxgaming/dev/kurzgesagt-script-generator/.venv/lib/python3.13/site-packages/google/genai/_api_client.py", line 1222, in _request
    return self._retry(self._request_once, http_request, stream)  # type: ignore[no-any-return]
           ~~~~~~~~~~~^^^^^^^^^^^^^^^^^^^^^^^^^^^^^^^^^^^^^^^^^^
  File "/home/vtxgaming/dev/kurzgesagt-script-generator/.venv/lib/python3.13/site-packages/tenacity/__init__.py", line 470, in __call__
    do = self.iter(retry_state=retry_state)
  File "/home/vtxgaming/dev/kurzgesagt-script-generator/.venv/lib/python3.13/site-packages/tenacity/__init__.py", line 371, in iter
    result = action(retry_state)
  File "/home/vtxgaming/dev/kurzgesagt-script-generator/.venv/lib/python3.13/site-packages/tenacity/__init__.py", line 413, in exc_check
    raise retry_exc.reraise()
          ~~~~~~~~~~~~~~~~~^^
  File "/home/vtxgaming/dev/kurzgesagt-script-generator/.venv/lib/python3.13/site-packages/tenacity/__init__.py", line 184, in reraise
    raise self.last_attempt.result()
          ~~~~~~~~~~~~~~~~~~~~~~~~^^
  File "/home/vtxgaming/.local/share/uv/python/cpython-3.13.7-linux-x86_64-gnu/lib/python3.13/concurrent/futures/_base.py", line 449, in result
    return self.__get_result()
           ~~~~~~~~~~~~~~~~~^^
  File "/home/vtxgaming/.local/share/uv/python/cpython-3.13.7-linux-x86_64-gnu/lib/python3.13/concurrent/futures/_base.py", line 401, in __get_result
    raise self._exception
  File "/home/vtxgaming/dev/kurzgesagt-script-generator/.venv/lib/python3.13/site-packages/tenacity/__init__.py", line 473, in __call__
    result = fn(*args, **kwargs)
  File "/home/vtxgaming/dev/kurzgesagt-script-generator/.venv/lib/python3.13/site-packages/google/genai/_api_client.py", line 1199, in _request_once
    errors.APIError.raise_for_response(response)
    ~~~~~~~~~~~~~~~~~~~~~~~~~~~~~~~~~~^^^^^^^^^^
  File "/home/vtxgaming/dev/kurzgesagt-script-generator/.venv/lib/python3.13/site-packages/google/genai/errors.py", line 134, in raise_for_response
    cls.raise_error(response.status_code, response_json, response)
    ~~~~~~~~~~~~~~~^^^^^^^^^^^^^^^^^^^^^^^^^^^^^^^^^^^^^^^^^^^^^^^
  File "/home/vtxgaming/dev/kurzgesagt-script-generator/.venv/lib/python3.13/site-packages/google/genai/errors.py", line 159, in raise_error
    raise ClientError(status_code, response_json, response)
google.genai.errors.ClientError: 401 UNAUTHENTICATED. {'error': {'code': 401, 'message': 'API keys are not supported by this API. Expected OAuth2 access token or other authentication credentials that assert a principal. See https://cloud.google.com/docs/authentication', 'status': 'UNAUTHENTICATED', 'details': [{'@type': 'type.googleapis.com/google.rpc.ErrorInfo', 'reason': 'CREDENTIALS_MISSING', 'domain': 'googleapis.com', 'metadata': {'method': 'google.ai.generativelanguage.v1beta.PredictionService.PredictLongRunning', 'service': 'generativelanguage.googleapis.com'}}]}}

The above exception was the direct cause of the following exception:

Traceback (most recent call last):
  File "/home/vtxgaming/dev/kurzgesagt-script-generator/src/kurzgesagt/ui/app.py", line 2414, in generate_selected_video
    video_path = generator.save_shot_video(
        project_dir=project_dir,
    ...<5 lines>...
        style_context=style_context
    )
  File "/home/vtxgaming/dev/kurzgesagt-script-generator/src/kurzgesagt/core/video_generator.py", line 239, in save_shot_video
    video_bytes = self.generate_video_from_image(
        image_path=image_path,
    ...<4 lines>...
        aspect_ratio="9:16"
    )
  File "/home/vtxgaming/dev/kurzgesagt-script-generator/src/kurzgesagt/core/video_generator.py", line 100, in generate_video_from_image
    raise VideoGenerationError(f"Failed to start video generation: {e}") from e
kurzgesagt.core.video_generator.VideoGenerationError: Failed to start video generation: 401 UNAUTHENTICATED. {'error': {'code': 401, 'message': 'API keys are not supported by this API. Expected OAuth2 access token or other authentication credentials that assert a principal. See https://cloud.google.com/docs/authentication', 'status': 'UNAUTHENTICATED', 'details': [{'@type': 'type.googleapis.com/google.rpc.ErrorInfo', 'reason': 'CREDENTIALS_MISSING', 'domain': 'googleapis.com', 'metadata': {'method': 'google.ai.generativelanguage.v1beta.PredictionService.PredictLongRunning', 'service': 'generativelanguage.googleapis.com'}}]}}
2026-02-11 15:19:50,828 | INFO | kurzgesagt.video_generator | VideoGenerator initialized with Gemini API
2026-02-11 15:19:50,828 | INFO | kurzgesagt.video_generator | Generating video from /home/vtxgaming/dev/kurzgesagt-script-generator/projects/Security_tradeoff/images/scene_01/shot_02.png
2026-02-11 15:19:52,475 | INFO | kurzgesagt.video_generator | Polling for video generation completion...
2026-02-11 15:20:54,831 | INFO | kurzgesagt.video_generator | Still generating... (60s elapsed)
2026-02-11 15:21:05,303 | INFO | kurzgesagt.video_generator | Downloading video from URI...
2026-02-11 15:21:05,598 | ERROR | kurzgesagt.video_generator | HTTP 403 error downloading video: 403 Client Error: Forbidden for url: https://generativelanguage.googleapis.com/download/v1beta/files/noiiwqrjnk8m:download?alt=media
2026-02-11 15:21:05,598 | ERROR | kurzgesagt.ui | Video generation error
Traceback (most recent call last):
  File "/home/vtxgaming/dev/kurzgesagt-script-generator/src/kurzgesagt/core/video_generator.py", line 146, in generate_video_from_image
    response.raise_for_status()
    ~~~~~~~~~~~~~~~~~~~~~~~~~^^
  File "/home/vtxgaming/dev/kurzgesagt-script-generator/.venv/lib/python3.13/site-packages/requests/models.py", line 1026, in raise_for_status
    raise HTTPError(http_error_msg, response=self)
requests.exceptions.HTTPError: 403 Client Error: Forbidden for url: https://generativelanguage.googleapis.com/download/v1beta/files/noiiwqrjnk8m:download?alt=media

The above exception was the direct cause of the following exception:

Traceback (most recent call last):
  File "/home/vtxgaming/dev/kurzgesagt-script-generator/src/kurzgesagt/ui/app.py", line 2414, in generate_selected_video
    video_path = generator.save_shot_video(
        project_dir=project_dir,
    ...<5 lines>...
        style_context=style_context
    )
  File "/home/vtxgaming/dev/kurzgesagt-script-generator/src/kurzgesagt/core/video_generator.py", line 239, in save_shot_video
    video_bytes = self.generate_video_from_image(
        image_path=image_path,
    ...<4 lines>...
        aspect_ratio="9:16"
    )
  File "/home/vtxgaming/dev/kurzgesagt-script-generator/src/kurzgesagt/core/video_generator.py", line 171, in generate_video_from_image
    raise VideoGenerationError(error_msg) from e
kurzgesagt.core.video_generator.VideoGenerationError: Failed to download video from Google Cloud Storage (HTTP 403 Forbidden). This usually indicates one of these issues:

1. Your GEMINI_API_KEY may not have permissions to access Cloud Storage
2. You may need to enable a Google Cloud Project with billing for Gemini API
3. The Gemini API service account needs Storage Object Viewer permissions

To fix this:
- Go to https://console.cloud.google.com/
- Enable the Gemini API and set up billing
- Ensure your API key has proper permissions

The video was generated successfully but cannot be downloaded automatically.
2026-02-11 15:35:12,272 | INFO | kurzgesagt.video_generator | VideoGenerator initialized with Gemini API
2026-02-11 15:35:12,272 | INFO | kurzgesagt.video_generator | Generating video from /home/vtxgaming/dev/kurzgesagt-script-generator/projects/Security_tradeoff/images/scene_02/shot_02.png
2026-02-11 15:35:14,106 | INFO | kurzgesagt.video_generator | Polling for video generation completion...
2026-02-11 15:36:16,462 | INFO | kurzgesagt.video_generator | Still generating... (60s elapsed)
2026-02-11 15:36:16,462 | INFO | kurzgesagt.video_generator | Downloading video from URI...
2026-02-11 15:36:16,817 | WARNING | kurzgesagt.video_generator | Video generated successfully but automatic download failed (HTTP 403). Returning URI for manual download.
2026-02-11 15:36:16,817 | INFO | kurzgesagt.video_generator | Video generated but requires manual download. URI available for scene 2, shot 2
2026-02-12 16:52:39,064 | INFO | kurzgesagt.video_generator | VideoGenerator initialized with Gemini API
2026-02-12 16:52:39,064 | INFO | kurzgesagt.video_generator | Generating video from /home/vtxgaming/dev/kurzgesagt-script-generator/projects/Security_tradeoff/images/scene_02/shot_02.png
2026-02-12 16:52:40,817 | INFO | kurzgesagt.video_generator | Polling for video generation completion...
2026-02-12 16:53:43,109 | INFO | kurzgesagt.video_generator | Still generating... (60s elapsed)
2026-02-12 16:53:43,109 | INFO | kurzgesagt.video_generator | Downloading video from URI...
2026-02-12 16:53:43,451 | WARNING | kurzgesagt.video_generator | Video generated successfully but automatic download failed (HTTP 403). Returning URI for manual download.
2026-02-12 16:53:43,452 | INFO | kurzgesagt.video_generator | Video generated but requires manual download. URI available for scene 2, shot 2
2026-02-12 17:07:56,396 | INFO | kurzgesagt.video_generator | VideoGenerator initialized with Gemini API
2026-02-12 17:07:56,396 | INFO | kurzgesagt.video_generator | Generating video from /home/vtxgaming/dev/kurzgesagt-script-generator/projects/Security_tradeoff/images/scene_02/shot_02.png
2026-02-12 17:07:58,480 | INFO | kurzgesagt.video_generator | Polling for video generation completion...
2026-02-12 17:09:00,587 | INFO | kurzgesagt.video_generator | Still generating... (60s elapsed)
2026-02-12 17:09:00,588 | INFO | kurzgesagt.video_generator | Downloading video from URI...
2026-02-12 17:09:00,908 | WARNING | kurzgesagt.video_generator | Video generated successfully but automatic download failed (HTTP 403). Returning URI for manual download.
2026-02-12 17:09:00,909 | INFO | kurzgesagt.video_generator | Video generated but requires manual download. URI available for scene 2, shot 2
2026-02-12 17:34:48,470 | INFO | kurzgesagt.video_generator | VideoGenerator initialized with Gemini API
2026-02-12 17:34:48,470 | INFO | kurzgesagt.video_generator | Generating video from /home/vtxgaming/dev/kurzgesagt-script-generator/projects/Security_tradeoff/images/scene_03/shot_01.png
2026-02-12 17:34:50,622 | INFO | kurzgesagt.video_generator | Polling for video generation completion...
2026-02-12 17:35:52,560 | INFO | kurzgesagt.video_generator | Still generating... (60s elapsed)
2026-02-12 17:35:52,561 | INFO | kurzgesagt.video_generator | Downloading video from URI...
2026-02-12 17:35:52,929 | WARNING | kurzgesagt.video_generator | Video generated successfully but automatic download failed (HTTP 403). Returning URI for manual download.
2026-02-12 17:35:52,930 | INFO | kurzgesagt.video_generator | Video generated but requires manual download. URI available for scene 3, shot 1
2026-02-12 17:44:12,451 | INFO | kurzgesagt.video_generator | VideoGenerator initialized with Gemini API
2026-02-12 17:44:12,452 | INFO | kurzgesagt.video_generator | Generating video from /home/vtxgaming/dev/kurzgesagt-script-generator/projects/Security_tradeoff/images/scene_03/shot_01.png
2026-02-12 17:44:14,165 | INFO | kurzgesagt.video_generator | Polling for video generation completion...
2026-02-12 17:45:06,160 | INFO | kurzgesagt.video_generator | Downloading video from URI...
2026-02-12 17:45:06,479 | WARNING | kurzgesagt.video_generator | Video generated successfully but automatic download failed (HTTP 403). Returning URI for manual download.
2026-02-12 17:45:06,480 | INFO | kurzgesagt.video_generator | Video generated but requires manual download. URI available for scene 3, shot 1
2026-02-12 17:50:10,627 | INFO | kurzgesagt.video_generator | VideoGenerator initialized with Gemini API
2026-02-12 17:50:10,627 | INFO | kurzgesagt.video_generator | Generating video from /home/vtxgaming/dev/kurzgesagt-script-generator/projects/Security_tradeoff/images/scene_06/shot_02.png
2026-02-12 17:50:12,878 | INFO | kurzgesagt.video_generator | Polling for video generation completion...
2026-02-12 17:51:15,042 | INFO | kurzgesagt.video_generator | Still generating... (60s elapsed)
2026-02-12 17:51:25,391 | INFO | kurzgesagt.video_generator | Downloading video from URI...
2026-02-12 17:51:26,456 | INFO | kurzgesagt.video_generator | Video downloaded successfully (1764715 bytes)
2026-02-12 17:51:26,458 | INFO | kurzgesagt.video_generator | Saved video to /home/vtxgaming/dev/kurzgesagt-script-generator/projects/Security_tradeoff/videos/scene_06/shot_02.mp4
2026-02-12 19:24:17,801 | INFO | kurzgesagt.video_generator | VideoGenerator initialized with Gemini API
2026-02-12 19:24:17,803 | INFO | kurzgesagt.video_generator | VideoGenerator initialized with Gemini API
2026-02-12 19:24:17,843 | INFO | kurzgesagt.video_generator | VideoGenerator initialized with Gemini API
2026-02-12 19:24:17,846 | INFO | kurzgesagt.video_generator | VideoGenerator initialized with Gemini API
2026-02-12 19:24:17,849 | INFO | kurzgesagt.video_generator | VideoGenerator initialized with Gemini API
2026-02-12 19:24:17,849 | INFO | kurzgesagt.video_generator | Generating video from /tmp/pytest-of-vtxgaming/pytest-1/test_generate_video_file_not_f0/nonexistent.png
2026-02-12 19:24:17,851 | INFO | kurzgesagt.video_generator | VideoGenerator initialized with Gemini API
2026-02-12 19:24:17,851 | INFO | kurzgesagt.video_generator | Generating video from /tmp/pytest-of-vtxgaming/pytest-1/test_generate_video_api_error0/test_image.png
2026-02-12 19:25:36,123 | INFO | kurzgesagt.video_generator | VideoGenerator initialized with Gemini API
2026-02-12 19:25:36,125 | INFO | kurzgesagt.video_generator | VideoGenerator initialized with Gemini API
2026-02-12 19:25:36,126 | INFO | kurzgesagt.video_generator | VideoGenerator initialized with Gemini API
2026-02-12 19:25:36,127 | INFO | kurzgesagt.video_generator | VideoGenerator initialized with Gemini API
2026-02-12 19:25:36,129 | INFO | kurzgesagt.video_generator | VideoGenerator initialized with Gemini API
2026-02-12 19:25:36,129 | INFO | kurzgesagt.video_generator | Generating video from /tmp/pytest-of-vtxgaming/pytest-2/test_generate_video_file_not_f0/nonexistent.png
2026-02-12 19:25:36,131 | INFO | kurzgesagt.video_generator | VideoGenerator initialized with Gemini API
2026-02-12 19:25:36,131 | INFO | kurzgesagt.video_generator | Generating video from /tmp/pytest-of-vtxgaming/pytest-2/test_generate_video_api_error0/test_image.png
